main.c:191:6:usart_process_data	20	static
main.c:651:6:HAL_UART_TxCpltCallback	0	static
main.c:657:6:HAL_UART_RxCpltCallback	0	static
main.c:671:6:HAL_GPIO_EXTI_Callback	0	static
main.c:677:6:HAL_printf_valist	112	static
main.c:696:6:HAL_printf	112	static
main.c:718:6:logI	0	static
main.c:735:6:logE	0	static
main.c:754:6:Error_Handler	8	static,ignoring_inline_asm
main.c:335:6:SystemClock_Config	88	static
main.c:610:6:UART_TX_DATA	24	static
main.c:662:6:HAL_UART_ErrorCallback	8	static
main.c:136:13:BUTTON_Callback	16	static
main.c:592:6:SWTIM1_Callback	24	static
main.c:199:6:request_data_check	16	static
main.c:156:6:usart_rx_check	40	static
main.c:228:5:main	96	static
main.c:641:6:send_app_ver	16	static
