Archive member included to satisfy reference by file (symbol)

c:/st/stm32cubeide_1.0.0/stm32cubeide/plugins/com.st.stm32cube.ide.mcu.externaltools.gnu-tools-for-stm32.7-2018-q2-update.win32_1.0.0.201904181610/tools/bin/../lib/gcc/arm-none-eabi/7.3.1/../../../../arm-none-eabi/lib/thumb/v6-m\libc_nano.a(lib_a-errno.o)
                              Core/Src/syscalls.o (__errno)
c:/st/stm32cubeide_1.0.0/stm32cubeide/plugins/com.st.stm32cube.ide.mcu.externaltools.gnu-tools-for-stm32.7-2018-q2-update.win32_1.0.0.201904181610/tools/bin/../lib/gcc/arm-none-eabi/7.3.1/../../../../arm-none-eabi/lib/thumb/v6-m\libc_nano.a(lib_a-exit.o)
                              c:/st/stm32cubeide_1.0.0/stm32cubeide/plugins/com.st.stm32cube.ide.mcu.externaltools.gnu-tools-for-stm32.7-2018-q2-update.win32_1.0.0.201904181610/tools/bin/../lib/gcc/arm-none-eabi/7.3.1/../../../../arm-none-eabi/lib/thumb/v6-m/crt0.o (exit)
c:/st/stm32cubeide_1.0.0/stm32cubeide/plugins/com.st.stm32cube.ide.mcu.externaltools.gnu-tools-for-stm32.7-2018-q2-update.win32_1.0.0.201904181610/tools/bin/../lib/gcc/arm-none-eabi/7.3.1/../../../../arm-none-eabi/lib/thumb/v6-m\libc_nano.a(lib_a-impure.o)
                              c:/st/stm32cubeide_1.0.0/stm32cubeide/plugins/com.st.stm32cube.ide.mcu.externaltools.gnu-tools-for-stm32.7-2018-q2-update.win32_1.0.0.201904181610/tools/bin/../lib/gcc/arm-none-eabi/7.3.1/../../../../arm-none-eabi/lib/thumb/v6-m\libc_nano.a(lib_a-exit.o) (_global_impure_ptr)
c:/st/stm32cubeide_1.0.0/stm32cubeide/plugins/com.st.stm32cube.ide.mcu.externaltools.gnu-tools-for-stm32.7-2018-q2-update.win32_1.0.0.201904181610/tools/bin/../lib/gcc/arm-none-eabi/7.3.1/../../../../arm-none-eabi/lib/thumb/v6-m\libc_nano.a(lib_a-init.o)
                              c:/st/stm32cubeide_1.0.0/stm32cubeide/plugins/com.st.stm32cube.ide.mcu.externaltools.gnu-tools-for-stm32.7-2018-q2-update.win32_1.0.0.201904181610/tools/bin/../lib/gcc/arm-none-eabi/7.3.1/../../../../arm-none-eabi/lib/thumb/v6-m/crt0.o (__libc_init_array)
c:/st/stm32cubeide_1.0.0/stm32cubeide/plugins/com.st.stm32cube.ide.mcu.externaltools.gnu-tools-for-stm32.7-2018-q2-update.win32_1.0.0.201904181610/tools/bin/../lib/gcc/arm-none-eabi/7.3.1/../../../../arm-none-eabi/lib/thumb/v6-m\libc_nano.a(lib_a-malloc.o)
                              Core/Src/tm_stm32_button.o (malloc)
c:/st/stm32cubeide_1.0.0/stm32cubeide/plugins/com.st.stm32cube.ide.mcu.externaltools.gnu-tools-for-stm32.7-2018-q2-update.win32_1.0.0.201904181610/tools/bin/../lib/gcc/arm-none-eabi/7.3.1/../../../../arm-none-eabi/lib/thumb/v6-m\libc_nano.a(lib_a-memset.o)
                              c:/st/stm32cubeide_1.0.0/stm32cubeide/plugins/com.st.stm32cube.ide.mcu.externaltools.gnu-tools-for-stm32.7-2018-q2-update.win32_1.0.0.201904181610/tools/bin/../lib/gcc/arm-none-eabi/7.3.1/../../../../arm-none-eabi/lib/thumb/v6-m/crt0.o (memset)
c:/st/stm32cubeide_1.0.0/stm32cubeide/plugins/com.st.stm32cube.ide.mcu.externaltools.gnu-tools-for-stm32.7-2018-q2-update.win32_1.0.0.201904181610/tools/bin/../lib/gcc/arm-none-eabi/7.3.1/../../../../arm-none-eabi/lib/thumb/v6-m\libc_nano.a(lib_a-nano-freer.o)
                              c:/st/stm32cubeide_1.0.0/stm32cubeide/plugins/com.st.stm32cube.ide.mcu.externaltools.gnu-tools-for-stm32.7-2018-q2-update.win32_1.0.0.201904181610/tools/bin/../lib/gcc/arm-none-eabi/7.3.1/../../../../arm-none-eabi/lib/thumb/v6-m\libc_nano.a(lib_a-malloc.o) (_free_r)
c:/st/stm32cubeide_1.0.0/stm32cubeide/plugins/com.st.stm32cube.ide.mcu.externaltools.gnu-tools-for-stm32.7-2018-q2-update.win32_1.0.0.201904181610/tools/bin/../lib/gcc/arm-none-eabi/7.3.1/../../../../arm-none-eabi/lib/thumb/v6-m\libc_nano.a(lib_a-nano-mallocr.o)
                              c:/st/stm32cubeide_1.0.0/stm32cubeide/plugins/com.st.stm32cube.ide.mcu.externaltools.gnu-tools-for-stm32.7-2018-q2-update.win32_1.0.0.201904181610/tools/bin/../lib/gcc/arm-none-eabi/7.3.1/../../../../arm-none-eabi/lib/thumb/v6-m\libc_nano.a(lib_a-malloc.o) (_malloc_r)
c:/st/stm32cubeide_1.0.0/stm32cubeide/plugins/com.st.stm32cube.ide.mcu.externaltools.gnu-tools-for-stm32.7-2018-q2-update.win32_1.0.0.201904181610/tools/bin/../lib/gcc/arm-none-eabi/7.3.1/../../../../arm-none-eabi/lib/thumb/v6-m\libc_nano.a(lib_a-sbrkr.o)
                              c:/st/stm32cubeide_1.0.0/stm32cubeide/plugins/com.st.stm32cube.ide.mcu.externaltools.gnu-tools-for-stm32.7-2018-q2-update.win32_1.0.0.201904181610/tools/bin/../lib/gcc/arm-none-eabi/7.3.1/../../../../arm-none-eabi/lib/thumb/v6-m\libc_nano.a(lib_a-nano-mallocr.o) (_sbrk_r)
c:/st/stm32cubeide_1.0.0/stm32cubeide/plugins/com.st.stm32cube.ide.mcu.externaltools.gnu-tools-for-stm32.7-2018-q2-update.win32_1.0.0.201904181610/tools/bin/../lib/gcc/arm-none-eabi/7.3.1/../../../../arm-none-eabi/lib/thumb/v6-m\libc_nano.a(lib_a-strlen.o)
                              Core/Src/main.o (strlen)
[...]
Memory Configuration

Name             Origin             Length             Attributes
RAM              0x0000000020000000 0x0000000000001000 xrw
FLASH            0x0000000008000000 0x0000000000008000 xr
*default*        0x0000000000000000 0xffffffffffffffff

Linker script and memory map

LOAD c:/st/stm32cubeide_1.0.0/stm32cubeide/plugins/com.st.stm32cube.ide.mcu.externaltools.gnu-tools-for-stm32.7-2018-q2-update.win32_1.0.0.201904181610/tools/bin/../lib/gcc/arm-none-eabi/7.3.1/thumb/v6-m/crti.o
LOAD c:/st/stm32cubeide_1.0.0/stm32cubeide/plugins/com.st.stm32cube.ide.mcu.externaltools.gnu-tools-for-stm32.7-2018-q2-update.win32_1.0.0.201904181610/tools/bin/../lib/gcc/arm-none-eabi/7.3.1/thumb/v6-m/crtbegin.o
LOAD c:/st/stm32cubeide_1.0.0/stm32cubeide/plugins/com.st.stm32cube.ide.mcu.externaltools.gnu-tools-for-stm32.7-2018-q2-update.win32_1.0.0.201904181610/tools/bin/../lib/gcc/arm-none-eabi/7.3.1/../../../../arm-none-eabi/lib/thumb/v6-m/crt0.o
LOAD Core/Src/hx711.o
LOAD Core/Src/main.o
LOAD Core/Src/stm32f0xx_hal_msp.o
LOAD Core/Src/stm32f0xx_it.o
LOAD Core/Src/syscalls.o
LOAD Core/Src/sysmem.o
LOAD Core/Src/system_stm32f0xx.o
LOAD Core/Src/timer_delay_us.o
LOAD Core/Src/tm_stm32_button.o
LOAD Core/Src/tm_stm32_delay.o
LOAD Core/Src/tm_stm32_gpio.o
LOAD Core/Startup/startup_stm32f031k6tx.o
LOAD Drivers/STM32F0xx_HAL_Driver/Src/stm32f0xx_hal.o
LOAD Drivers/STM32F0xx_HAL_Driver/Src/stm32f0xx_hal_cortex.o
LOAD Drivers/STM32F0xx_HAL_Driver/Src/stm32f0xx_hal_dma.o
LOAD Drivers/STM32F0xx_HAL_Driver/Src/stm32f0xx_hal_exti.o
LOAD Drivers/STM32F0xx_HAL_Driver/Src/stm32f0xx_hal_flash.o
LOAD Drivers/STM32F0xx_HAL_Driver/Src/stm32f0xx_hal_flash_ex.o
LOAD Drivers/STM32F0xx_HAL_Driver/Src/stm32f0xx_hal_gpio.o
LOAD Drivers/STM32F0xx_HAL_Driver/Src/stm32f0xx_hal_i2c.o
LOAD Drivers/STM32F0xx_HAL_Driver/Src/stm32f0xx_hal_i2c_ex.o
LOAD Drivers/STM32F0xx_HAL_Driver/Src/stm32f0xx_hal_pwr.o
LOAD Drivers/STM32F0xx_HAL_Driver/Src/stm32f0xx_hal_pwr_ex.o
LOAD Drivers/STM32F0xx_HAL_Driver/Src/stm32f0xx_hal_rcc.o
LOAD Drivers/STM32F0xx_HAL_Driver/Src/stm32f0xx_hal_rcc_ex.o
LOAD Drivers/STM32F0xx_HAL_Driver/Src/stm32f0xx_hal_tim.o
LOAD Drivers/STM32F0xx_HAL_Driver/Src/stm32f0xx_hal_tim_ex.o
LOAD Drivers/STM32F0xx_HAL_Driver/Src/stm32f0xx_hal_uart.o
LOAD Drivers/STM32F0xx_HAL_Driver/Src/stm32f0xx_hal_uart_ex.o
START GROUP
LOAD c:/st/stm32cubeide_1.0.0/stm32cubeide/plugins/com.st.stm32cube.ide.mcu.externaltools.gnu-tools-for-stm32.7-2018-q2-update.win32_1.0.0.201904181610/tools/bin/../lib/gcc/arm-none-eabi/7.3.1/../../../../arm-none-eabi/lib/thumb/v6-m\libc_nano.a
LOAD c:/st/stm32cubeide_1.0.0/stm32cubeide/plugins/com.st.stm32cube.ide.mcu.externaltools.gnu-tools-for-stm32.7-2018-q2-update.win32_1.0.0.201904181610/tools/bin/../lib/gcc/arm-none-eabi/7.3.1/../../../../arm-none-eabi/lib/thumb/v6-m\libm.a
END GROUP
START GROUP
LOAD c:/st/stm32cubeide_1.0.0/stm32cubeide/plugins/com.st.stm32cube.ide.mcu.externaltools.gnu-tools-for-stm32.7-2018-q2-update.win32_1.0.0.201904181610/tools/bin/../lib/gcc/arm-none-eabi/7.3.1/thumb/v6-m\libgcc.a
LOAD c:/st/stm32cubeide_1.0.0/stm32cubeide/plugins/com.st.stm32cube.ide.mcu.externaltools.gnu-tools-for-stm32.7-2018-q2-update.win32_1.0.0.201904181610/tools/bin/../lib/gcc/arm-none-eabi/7.3.1/../../../../arm-none-eabi/lib/thumb/v6-m\libc_nano.a
END GROUP
START GROUP
LOAD c:/st/stm32cubeide_1.0.0/stm32cubeide/plugins/com.st.stm32cube.ide.mcu.externaltools.gnu-tools-for-stm32.7-2018-q2-update.win32_1.0.0.201904181610/tools/bin/../lib/gcc/arm-none-eabi/7.3.1/thumb/v6-m\libgcc.a
LOAD c:/st/stm32cubeide_1.0.0/stm32cubeide/plugins/com.st.stm32cube.ide.mcu.externaltools.gnu-tools-for-stm32.7-2018-q2-update.win32_1.0.0.201904181610/tools/bin/../lib/gcc/arm-none-eabi/7.3.1/../../../../arm-none-eabi/lib/thumb/v6-m\libc_nano.a
LOAD c:/st/stm32cubeide_1.0.0/stm32cubeide/plugins/com.st.stm32cube.ide.mcu.externaltools.gnu-tools-for-stm32.7-2018-q2-update.win32_1.0.0.201904181610/tools/bin/../lib/gcc/arm-none-eabi/7.3.1/../../../../arm-none-eabi/lib/thumb/v6-m\libnosys.a
END GROUP
START GROUP
LOAD c:/st/stm32cubeide_1.0.0/stm32cubeide/plugins/com.st.stm32cube.ide.mcu.externaltools.gnu-tools-for-stm32.7-2018-q2-update.win32_1.0.0.201904181610/tools/bin/../lib/gcc/arm-none-eabi/7.3.1/thumb/v6-m\libgcc.a
LOAD c:/st/stm32cubeide_1.0.0/stm32cubeide/plugins/com.st.stm32cube.ide.mcu.externaltools.gnu-tools-for-stm32.7-2018-q2-update.win32_1.0.0.201904181610/tools/bin/../lib/gcc/arm-none-eabi/7.3.1/../../../../arm-none-eabi/lib/thumb/v6-m\libc_nano.a
LOAD c:/st/stm32cubeide_1.0.0/stm32cubeide/plugins/com.st.stm32cube.ide.mcu.externaltools.gnu-tools-for-stm32.7-2018-q2-update.win32_1.0.0.201904181610/tools/bin/../lib/gcc/arm-none-eabi/7.3.1/../../../../arm-none-eabi/lib/thumb/v6-m\libnosys.a
END GROUP
LOAD c:/st/stm32cubeide_1.0.0/stm32cubeide/plugins/com.st.stm32cube.ide.mcu.externaltools.gnu-tools-for-stm32.7-2018-q2-update.win32_1.0.0.201904181610/tools/bin/../lib/gcc/arm-none-eabi/7.3.1/thumb/v6-m/crtend.o
LOAD c:/st/stm32cubeide_1.0.0/stm32cubeide/plugins/com.st.stm32cube.ide.mcu.externaltools.gnu-tools-for-stm32.7-2018-q2-update.win32_1.0.0.201904181610/tools/bin/../lib/gcc/arm-none-eabi/7.3.1/thumb/v6-m/crtn.o
                0x0000000020001000                _estack = (ORIGIN (RAM) + LENGTH (RAM))
                0x0000000000000200                _Min_Heap_Size = 0x200
                0x0000000000000400                _Min_Stack_Size = 0x400

.isr_vector     0x0000000008000000       0xc0
                0x0000000008000000                . = ALIGN (0x4)
 *(.isr_vector)
 .isr_vector    0x0000000008000000       0xc0 Core/Startup/startup_stm32f031k6tx.o
                0x0000000008000000                g_pfnVectors
                0x00000000080000c0                . = ALIGN (0x4)

.text           0x00000000080000c0     0x43a8
                0x00000000080000c0                . = ALIGN (0x4)
 *(.text)
 .text          0x00000000080000c0       0x48 c:/st/stm32cubeide_1.0.0/stm32cubeide/plugins/com.st.stm32cube.ide.mcu.externaltools.gnu-tools-for-stm32.7-2018-q2-update.win32_1.0.0.201904181610/tools/bin/../lib/gcc/arm-none-eabi/7.3.1/thumb/v6-m/crtbegin.o
 .text          0x0000000008000108      0x114 c:/st/stm32cubeide_1.0.0/stm32cubeide/plugins/com.st.stm32cube.ide.mcu.externaltools.gnu-tools-for-stm32.7-2018-q2-update.win32_1.0.0.201904181610/tools/bin/../lib/gcc/arm-none-eabi/7.3.1/thumb/v6-m\libgcc.a(_udivsi3.o)
                0x0000000008000108                __aeabi_uidiv
                0x0000000008000108                __udivsi3
                0x0000000008000214                __aeabi_uidivmod
 .text          0x000000000800021c        0x4 c:/st/stm32cubeide_1.0.0/stm32cubeide/plugins/com.st.stm32cube.ide.mcu.externaltools.gnu-tools-for-stm32.7-2018-q2-update.win32_1.0.0.201904181610/tools/bin/../lib/gcc/arm-none-eabi/7.3.1/thumb/v6-m\libgcc.a(_dvmd_tls.o)
                0x000000000800021c                __aeabi_idiv0
                0x000000000800021c                __aeabi_ldiv0
 *(.text*)
 .text.Delay_us
                0x0000000008000220       0x3c Core/Src/hx711.o
 .text.HX711_Init
                0x000000000800025c       0x4c Core/Src/hx711.o
                0x000000000800025c                HX711_Init
 .text.HX711_Value
                0x00000000080002a8      0x11e Core/Src/hx711.o
                0x00000000080002a8                HX711_Value
 *fill*         0x00000000080003c6        0x2 
 .text.__NVIC_SystemReset
                0x00000000080003c8       0x20 Core/Src/main.o
 .text.BUTTON_Callback
                0x00000000080003e8       0x58 Core/Src/main.o
 .text.usart_rx_check
                0x0000000008000440       0xb8 Core/Src/main.o
                0x0000000008000440                usart_rx_check
 .text.usart_process_data
                0x00000000080004f8       0x4c Core/Src/main.o
                0x00000000080004f8                usart_process_data
 .text.request_data_check
                0x0000000008000544       0x98 Core/Src/main.o
                0x0000000008000544                request_data_check
 .text.main     0x00000000080005dc      0x2a8 Core/Src/main.o
                0x00000000080005dc                main
 .text.SystemClock_Config
                0x0000000008000884       0xc8 Core/Src/main.o
                0x0000000008000884                SystemClock_Config
 .text.MX_NVIC_Init
                0x000000000800094c       0x3a Core/Src/main.o
 *fill*         0x0000000008000986        0x2 
 .text.MX_I2C1_Init
                0x0000000008000988       0x80 Core/Src/main.o
 .text.MX_TIM1_Init
                0x0000000008000a08       0xb0 Core/Src/main.o
 .text.MX_USART1_UART_Init
                0x0000000008000ab8       0x60 Core/Src/main.o
 .text.MX_DMA_Init
                0x0000000008000b18       0x2c Core/Src/main.o
 .text.MX_GPIO_Init
                0x0000000008000b44      0x1b0 Core/Src/main.o
 .text.SWTIM1_Callback
                0x0000000008000cf4       0x58 Core/Src/main.o
                0x0000000008000cf4                SWTIM1_Callback
 .text.UART_TX_DATA
                0x0000000008000d4c       0xfc Core/Src/main.o
                0x0000000008000d4c                UART_TX_DATA
 .text.send_app_ver
                0x0000000008000e48       0x2c Core/Src/main.o
                0x0000000008000e48                send_app_ver
 .text.HAL_UART_TxCpltCallback
                0x0000000008000e74       0x10 Core/Src/main.o
                0x0000000008000e74                HAL_UART_TxCpltCallback
 .text.HAL_UART_RxCpltCallback
                0x0000000008000e84       0x10 Core/Src/main.o
                0x0000000008000e84                HAL_UART_RxCpltCallback
 .text.HAL_UART_ErrorCallback
                0x0000000008000e94       0x14 Core/Src/main.o
                0x0000000008000e94                HAL_UART_ErrorCallback
 .text.HAL_GPIO_EXTI_Callback
                0x0000000008000ea8       0x14 Core/Src/main.o
                0x0000000008000ea8                HAL_GPIO_EXTI_Callback
 .text.logI     0x0000000008000ebc       0x12 Core/Src/main.o
                0x0000000008000ebc                logI
 *fill*         0x0000000008000ece        0x2 
 .text.Error_Handler
                0x0000000008000ed0       0x3c Core/Src/main.o
                0x0000000008000ed0                Error_Handler
 .text.HAL_MspInit
                0x0000000008000f0c       0x48 Core/Src/stm32f0xx_hal_msp.o
                0x0000000008000f0c                HAL_MspInit
 .text.HAL_I2C_MspInit
                0x0000000008000f54       0x9c Core/Src/stm32f0xx_hal_msp.o
                0x0000000008000f54                HAL_I2C_MspInit
 .text.HAL_TIM_Base_MspInit
                0x0000000008000ff0       0x40 Core/Src/stm32f0xx_hal_msp.o
                0x0000000008000ff0                HAL_TIM_Base_MspInit
 .text.HAL_UART_MspInit
                0x0000000008001030      0x154 Core/Src/stm32f0xx_hal_msp.o
                0x0000000008001030                HAL_UART_MspInit
 .text.NMI_Handler
                0x0000000008001184        0xa Core/Src/stm32f0xx_it.o
                0x0000000008001184                NMI_Handler
 .text.HardFault_Handler
                0x000000000800118e        0x6 Core/Src/stm32f0xx_it.o
                0x000000000800118e                HardFault_Handler
 .text.SVC_Handler
                0x0000000008001194        0xa Core/Src/stm32f0xx_it.o
                0x0000000008001194                SVC_Handler
 .text.PendSV_Handler
                0x000000000800119e        0xa Core/Src/stm32f0xx_it.o
                0x000000000800119e                PendSV_Handler
 .text.SysTick_Handler
                0x00000000080011a8        0xe Core/Src/stm32f0xx_it.o
                0x00000000080011a8                SysTick_Handler
 .text.EXTI4_15_IRQHandler
                0x00000000080011b6       0x14 Core/Src/stm32f0xx_it.o
                0x00000000080011b6                EXTI4_15_IRQHandler
 *fill*         0x00000000080011ca        0x2 
 .text.DMA1_Channel2_3_IRQHandler
                0x00000000080011cc       0x18 Core/Src/stm32f0xx_it.o
                0x00000000080011cc                DMA1_Channel2_3_IRQHandler
 .text.DMA1_Channel4_5_IRQHandler
                0x00000000080011e4       0x18 Core/Src/stm32f0xx_it.o
                0x00000000080011e4                DMA1_Channel4_5_IRQHandler
 .text.USART1_IRQHandler
                0x00000000080011fc       0x18 Core/Src/stm32f0xx_it.o
                0x00000000080011fc                USART1_IRQHandler
 .text._sbrk    0x0000000008001214       0x58 Core/Src/sysmem.o
                0x0000000008001214                _sbrk
 .text.SystemInit
                0x000000000800126c        0xa Core/Src/system_stm32f0xx.o
                0x000000000800126c                SystemInit
 *fill*         0x0000000008001276        0x2 
 .text.TM_BUTTON_Init
                0x0000000008001278       0xe4 Core/Src/tm_stm32_button.o
                0x0000000008001278                TM_BUTTON_Init
 .text.TM_BUTTON_SetPressTime
                0x000000000800135c       0x32 Core/Src/tm_stm32_button.o
                0x000000000800135c                TM_BUTTON_SetPressTime
 *fill*         0x000000000800138e        0x2 
 .text.TM_BUTTON_Update
                0x0000000008001390       0x40 Core/Src/tm_stm32_button.o
                0x0000000008001390                TM_BUTTON_Update
 .text.TM_BUTTON_INT_CheckButton
                0x00000000080013d0      0x148 Core/Src/tm_stm32_button.o
 .text.TM_DELAY_Init
                0x0000000008001518        0xc Core/Src/tm_stm32_delay.o
                0x0000000008001518                TM_DELAY_Init
 .text.TM_DELAY_TimerCreate
                0x0000000008001524       0xc4 Core/Src/tm_stm32_delay.o
                0x0000000008001524                TM_DELAY_TimerCreate
 .text.TM_DELAY_1msHandler
                0x00000000080015e8        0xa Core/Src/tm_stm32_delay.o
                0x00000000080015e8                TM_DELAY_1msHandler
 *fill*         0x00000000080015f2        0x2 
 .text.HAL_IncTick
                0x00000000080015f4      0x144 Core/Src/tm_stm32_delay.o
                0x00000000080015f4                HAL_IncTick
 .text.HAL_Delay
                0x0000000008001738       0x54 Core/Src/tm_stm32_delay.o
                0x0000000008001738                HAL_Delay
 .text.HAL_GetTick
                0x000000000800178c       0x14 Core/Src/tm_stm32_delay.o
                0x000000000800178c                HAL_GetTick
 .text.TM_GPIO_Init
                0x00000000080017a0       0x5e Core/Src/tm_stm32_gpio.o
                0x00000000080017a0                TM_GPIO_Init
 .text.TM_GPIO_GetPortSource
                0x00000000080017fe       0x1e Core/Src/tm_stm32_gpio.o
                0x00000000080017fe                TM_GPIO_GetPortSource
 .text.TM_GPIO_INT_EnableClock
                0x000000000800181c       0x30 Core/Src/tm_stm32_gpio.o
                0x000000000800181c                TM_GPIO_INT_EnableClock
 .text.TM_GPIO_INT_Init
                0x000000000800184c      0x16c Core/Src/tm_stm32_gpio.o
                0x000000000800184c                TM_GPIO_INT_Init
 .text.Reset_Handler
                0x00000000080019b8       0x50 Core/Startup/startup_stm32f031k6tx.o
                0x00000000080019b8                Reset_Handler
 .text.Default_Handler
                0x0000000008001a08        0x2 Core/Startup/startup_stm32f031k6tx.o
                0x0000000008001a08                TIM1_CC_IRQHandler
                0x0000000008001a08                PVD_IRQHandler
                0x0000000008001a08                I2C1_IRQHandler
                0x0000000008001a08                SPI1_IRQHandler
                0x0000000008001a08                EXTI2_3_IRQHandler
                0x0000000008001a08                ADC1_IRQHandler
                0x0000000008001a08                TIM17_IRQHandler
                0x0000000008001a08                RTC_IRQHandler
                0x0000000008001a08                TIM16_IRQHandler
                0x0000000008001a08                TIM3_IRQHandler
                0x0000000008001a08                RCC_IRQHandler
                0x0000000008001a08                DMA1_Channel1_IRQHandler
                0x0000000008001a08                Default_Handler
                0x0000000008001a08                TIM14_IRQHandler
                0x0000000008001a08                EXTI0_1_IRQHandler
                0x0000000008001a08                WWDG_IRQHandler
                0x0000000008001a08                TIM2_IRQHandler
                0x0000000008001a08                FLASH_IRQHandler
                0x0000000008001a08                TIM1_BRK_UP_TRG_COM_IRQHandler
 *fill*         0x0000000008001a0a        0x2 
 .text.HAL_Init
                0x0000000008001a0c       0x28 Drivers/STM32F0xx_HAL_Driver/Src/stm32f0xx_hal.o
                0x0000000008001a0c                HAL_Init
 .text.HAL_InitTick
                0x0000000008001a34       0x68 Drivers/STM32F0xx_HAL_Driver/Src/stm32f0xx_hal.o
                0x0000000008001a34                HAL_InitTick
 .text.__NVIC_EnableIRQ
                0x0000000008001a9c       0x34 Drivers/STM32F0xx_HAL_Driver/Src/stm32f0xx_hal_cortex.o
 .text.__NVIC_SetPriority
                0x0000000008001ad0       0xdc Drivers/STM32F0xx_HAL_Driver/Src/stm32f0xx_hal_cortex.o
 .text.SysTick_Config
                0x0000000008001bac       0x48 Drivers/STM32F0xx_HAL_Driver/Src/stm32f0xx_hal_cortex.o
 .text.HAL_NVIC_SetPriority
                0x0000000008001bf4       0x2a Drivers/STM32F0xx_HAL_Driver/Src/stm32f0xx_hal_cortex.o
                0x0000000008001bf4                HAL_NVIC_SetPriority
 .text.HAL_NVIC_EnableIRQ
                0x0000000008001c1e       0x20 Drivers/STM32F0xx_HAL_Driver/Src/stm32f0xx_hal_cortex.o
                0x0000000008001c1e                HAL_NVIC_EnableIRQ
 .text.HAL_SYSTICK_Config
                0x0000000008001c3e       0x1a Drivers/STM32F0xx_HAL_Driver/Src/stm32f0xx_hal_cortex.o
                0x0000000008001c3e                HAL_SYSTICK_Config
 .text.HAL_DMA_Init
                0x0000000008001c58       0x90 Drivers/STM32F0xx_HAL_Driver/Src/stm32f0xx_hal_dma.o
                0x0000000008001c58                HAL_DMA_Init
 .text.HAL_DMA_Start_IT
                0x0000000008001ce8       0xcc Drivers/STM32F0xx_HAL_Driver/Src/stm32f0xx_hal_dma.o
                0x0000000008001ce8                HAL_DMA_Start_IT
 .text.HAL_DMA_Abort_IT
                0x0000000008001db4       0x8c Drivers/STM32F0xx_HAL_Driver/Src/stm32f0xx_hal_dma.o
                0x0000000008001db4                HAL_DMA_Abort_IT
 .text.HAL_DMA_IRQHandler
                0x0000000008001e40      0x144 Drivers/STM32F0xx_HAL_Driver/Src/stm32f0xx_hal_dma.o
                0x0000000008001e40                HAL_DMA_IRQHandler
 .text.DMA_SetConfig
                0x0000000008001f84       0x58 Drivers/STM32F0xx_HAL_Driver/Src/stm32f0xx_hal_dma.o
 .text.DMA_CalcBaseAndBitshift
                0x0000000008001fdc       0x38 Drivers/STM32F0xx_HAL_Driver/Src/stm32f0xx_hal_dma.o
 .text.HAL_GPIO_Init
                0x0000000008002014      0x2d0 Drivers/STM32F0xx_HAL_Driver/Src/stm32f0xx_hal_gpio.o
                0x0000000008002014                HAL_GPIO_Init
 .text.HAL_GPIO_ReadPin
                0x00000000080022e4       0x3a Drivers/STM32F0xx_HAL_Driver/Src/stm32f0xx_hal_gpio.o
                0x00000000080022e4                HAL_GPIO_ReadPin
 .text.HAL_GPIO_WritePin
                0x000000000800231e       0x3a Drivers/STM32F0xx_HAL_Driver/Src/stm32f0xx_hal_gpio.o
                0x000000000800231e                HAL_GPIO_WritePin
 .text.HAL_GPIO_TogglePin
                0x0000000008002358       0x36 Drivers/STM32F0xx_HAL_Driver/Src/stm32f0xx_hal_gpio.o
                0x0000000008002358                HAL_GPIO_TogglePin
 *fill*         0x000000000800238e        0x2 
 .text.HAL_GPIO_EXTI_IRQHandler
                0x0000000008002390       0x38 Drivers/STM32F0xx_HAL_Driver/Src/stm32f0xx_hal_gpio.o
                0x0000000008002390                HAL_GPIO_EXTI_IRQHandler
 .text.HAL_I2C_Init
                0x00000000080023c8      0x12c Drivers/STM32F0xx_HAL_Driver/Src/stm32f0xx_hal_i2c.o
                0x00000000080023c8                HAL_I2C_Init
 .text.HAL_I2CEx_ConfigAnalogFilter
                0x00000000080024f4       0x98 Drivers/STM32F0xx_HAL_Driver/Src/stm32f0xx_hal_i2c_ex.o
                0x00000000080024f4                HAL_I2CEx_ConfigAnalogFilter
 .text.HAL_I2CEx_ConfigDigitalFilter
                0x000000000800258c       0x98 Drivers/STM32F0xx_HAL_Driver/Src/stm32f0xx_hal_i2c_ex.o
                0x000000000800258c                HAL_I2CEx_ConfigDigitalFilter
 .text.HAL_RCC_OscConfig
                0x0000000008002624      0x638 Drivers/STM32F0xx_HAL_Driver/Src/stm32f0xx_hal_rcc.o
                0x0000000008002624                HAL_RCC_OscConfig
 .text.HAL_RCC_ClockConfig
                0x0000000008002c5c      0x19c Drivers/STM32F0xx_HAL_Driver/Src/stm32f0xx_hal_rcc.o
                0x0000000008002c5c                HAL_RCC_ClockConfig
 .text.HAL_RCC_GetSysClockFreq
                0x0000000008002df8       0xc8 Drivers/STM32F0xx_HAL_Driver/Src/stm32f0xx_hal_rcc.o
                0x0000000008002df8                HAL_RCC_GetSysClockFreq
 .text.HAL_RCC_GetHCLKFreq
                0x0000000008002ec0       0x14 Drivers/STM32F0xx_HAL_Driver/Src/stm32f0xx_hal_rcc.o
                0x0000000008002ec0                HAL_RCC_GetHCLKFreq
 .text.HAL_RCC_GetPCLK1Freq
                0x0000000008002ed4       0x2c Drivers/STM32F0xx_HAL_Driver/Src/stm32f0xx_hal_rcc.o
                0x0000000008002ed4                HAL_RCC_GetPCLK1Freq
 .text.HAL_RCCEx_PeriphCLKConfig
                0x0000000008002f00      0x19c Drivers/STM32F0xx_HAL_Driver/Src/stm32f0xx_hal_rcc_ex.o
                0x0000000008002f00                HAL_RCCEx_PeriphCLKConfig
 .text.HAL_TIM_Base_Init
                0x000000000800309c       0x58 Drivers/STM32F0xx_HAL_Driver/Src/stm32f0xx_hal_tim.o
                0x000000000800309c                HAL_TIM_Base_Init
 .text.HAL_TIM_SlaveConfigSynchro
                0x00000000080030f4       0x8c Drivers/STM32F0xx_HAL_Driver/Src/stm32f0xx_hal_tim.o
                0x00000000080030f4                HAL_TIM_SlaveConfigSynchro
 .text.TIM_Base_SetConfig
                0x0000000008003180       0xec Drivers/STM32F0xx_HAL_Driver/Src/stm32f0xx_hal_tim.o
                0x0000000008003180                TIM_Base_SetConfig
 .text.TIM_SlaveTimer_SetConfig
                0x000000000800326c      0x108 Drivers/STM32F0xx_HAL_Driver/Src/stm32f0xx_hal_tim.o
 .text.TIM_TI1_ConfigInputStage
                0x0000000008003374       0x5c Drivers/STM32F0xx_HAL_Driver/Src/stm32f0xx_hal_tim.o
 .text.TIM_TI2_ConfigInputStage
                0x00000000080033d0       0x64 Drivers/STM32F0xx_HAL_Driver/Src/stm32f0xx_hal_tim.o
 .text.TIM_ETR_SetConfig
                0x0000000008003434       0x40 Drivers/STM32F0xx_HAL_Driver/Src/stm32f0xx_hal_tim.o
                0x0000000008003434                TIM_ETR_SetConfig
 .text.HAL_TIMEx_MasterConfigSynchronization
                0x0000000008003474       0xb0 Drivers/STM32F0xx_HAL_Driver/Src/stm32f0xx_hal_tim_ex.o
                0x0000000008003474                HAL_TIMEx_MasterConfigSynchronization
 .text.HAL_UART_Init
                0x0000000008003524       0xa8 Drivers/STM32F0xx_HAL_Driver/Src/stm32f0xx_hal_uart.o
                0x0000000008003524                HAL_UART_Init
 .text.HAL_UART_Transmit_DMA
                0x00000000080035cc      0x120 Drivers/STM32F0xx_HAL_Driver/Src/stm32f0xx_hal_uart.o
                0x00000000080035cc                HAL_UART_Transmit_DMA
 .text.HAL_UART_Receive_DMA
                0x00000000080036ec      0x130 Drivers/STM32F0xx_HAL_Driver/Src/stm32f0xx_hal_uart.o
                0x00000000080036ec                HAL_UART_Receive_DMA
 .text.HAL_UART_IRQHandler
                0x000000000800381c      0x278 Drivers/STM32F0xx_HAL_Driver/Src/stm32f0xx_hal_uart.o
                0x000000000800381c                HAL_UART_IRQHandler
 .text.HAL_UART_TxHalfCpltCallback
                0x0000000008003a94       0x10 Drivers/STM32F0xx_HAL_Driver/Src/stm32f0xx_hal_uart.o
                0x0000000008003a94                HAL_UART_TxHalfCpltCallback
 .text.HAL_UART_RxHalfCpltCallback
                0x0000000008003aa4       0x10 Drivers/STM32F0xx_HAL_Driver/Src/stm32f0xx_hal_uart.o
                0x0000000008003aa4                HAL_UART_RxHalfCpltCallback
 .text.HAL_UART_GetState
                0x0000000008003ab4       0x22 Drivers/STM32F0xx_HAL_Driver/Src/stm32f0xx_hal_uart.o
                0x0000000008003ab4                HAL_UART_GetState
 *fill*         0x0000000008003ad6        0x2 
 .text.UART_SetConfig
                0x0000000008003ad8      0x2dc Drivers/STM32F0xx_HAL_Driver/Src/stm32f0xx_hal_uart.o
                0x0000000008003ad8                UART_SetConfig
 .text.UART_AdvFeatureConfig
                0x0000000008003db4      0x168 Drivers/STM32F0xx_HAL_Driver/Src/stm32f0xx_hal_uart.o
                0x0000000008003db4                UART_AdvFeatureConfig
 .text.UART_CheckIdleState
                0x0000000008003f1c       0x8c Drivers/STM32F0xx_HAL_Driver/Src/stm32f0xx_hal_uart.o
                0x0000000008003f1c                UART_CheckIdleState
 .text.UART_WaitOnFlagUntilTimeout
                0x0000000008003fa8       0xfc Drivers/STM32F0xx_HAL_Driver/Src/stm32f0xx_hal_uart.o
                0x0000000008003fa8                UART_WaitOnFlagUntilTimeout
 .text.UART_EndTxTransfer
                0x00000000080040a4       0x26 Drivers/STM32F0xx_HAL_Driver/Src/stm32f0xx_hal_uart.o
 *fill*         0x00000000080040ca        0x2 
 .text.UART_EndRxTransfer
                0x00000000080040cc       0x40 Drivers/STM32F0xx_HAL_Driver/Src/stm32f0xx_hal_uart.o
 .text.UART_DMATransmitCplt
                0x000000000800410c       0x50 Drivers/STM32F0xx_HAL_Driver/Src/stm32f0xx_hal_uart.o
 .text.UART_DMATxHalfCplt
                0x000000000800415c       0x1e Drivers/STM32F0xx_HAL_Driver/Src/stm32f0xx_hal_uart.o
 *fill*         0x000000000800417a        0x2 
 .text.UART_DMAReceiveCplt
                0x000000000800417c       0x68 Drivers/STM32F0xx_HAL_Driver/Src/stm32f0xx_hal_uart.o
 .text.UART_DMARxHalfCplt
                0x00000000080041e4       0x1e Drivers/STM32F0xx_HAL_Driver/Src/stm32f0xx_hal_uart.o
 .text.UART_DMAError
                0x0000000008004202       0x7e Drivers/STM32F0xx_HAL_Driver/Src/stm32f0xx_hal_uart.o
 .text.UART_DMAAbortOnError
                0x0000000008004280       0x2e Drivers/STM32F0xx_HAL_Driver/Src/stm32f0xx_hal_uart.o
 .text.UART_EndTransmit_IT
                0x00000000080042ae       0x34 Drivers/STM32F0xx_HAL_Driver/Src/stm32f0xx_hal_uart.o
 .text.HAL_UARTEx_WakeupCallback
                0x00000000080042e2       0x10 Drivers/STM32F0xx_HAL_Driver/Src/stm32f0xx_hal_uart_ex.o
                0x00000000080042e2                HAL_UARTEx_WakeupCallback
 *fill*         0x00000000080042f2        0x2 
 .text.__errno  0x00000000080042f4        0xc c:/st/stm32cubeide_1.0.0/stm32cubeide/plugins/com.st.stm32cube.ide.mcu.externaltools.gnu-tools-for-stm32.7-2018-q2-update.win32_1.0.0.201904181610/tools/bin/../lib/gcc/arm-none-eabi/7.3.1/../../../../arm-none-eabi/lib/thumb/v6-m\libc_nano.a(lib_a-errno.o)
                0x00000000080042f4                __errno
 .text.__libc_init_array
                0x0000000008004300       0x48 c:/st/stm32cubeide_1.0.0/stm32cubeide/plugins/com.st.stm32cube.ide.mcu.externaltools.gnu-tools-for-stm32.7-2018-q2-update.win32_1.0.0.201904181610/tools/bin/../lib/gcc/arm-none-eabi/7.3.1/../../../../arm-none-eabi/lib/thumb/v6-m\libc_nano.a(lib_a-init.o)
                0x0000000008004300                __libc_init_array
 .text.malloc   0x0000000008004348       0x14 c:/st/stm32cubeide_1.0.0/stm32cubeide/plugins/com.st.stm32cube.ide.mcu.externaltools.gnu-tools-for-stm32.7-2018-q2-update.win32_1.0.0.201904181610/tools/bin/../lib/gcc/arm-none-eabi/7.3.1/../../../../arm-none-eabi/lib/thumb/v6-m\libc_nano.a(lib_a-malloc.o)
                0x0000000008004348                malloc
 .text.memset   0x000000000800435c       0x10 c:/st/stm32cubeide_1.0.0/stm32cubeide/plugins/com.st.stm32cube.ide.mcu.externaltools.gnu-tools-for-stm32.7-2018-q2-update.win32_1.0.0.201904181610/tools/bin/../lib/gcc/arm-none-eabi/7.3.1/../../../../arm-none-eabi/lib/thumb/v6-m\libc_nano.a(lib_a-memset.o)
                0x000000000800435c                memset
 .text._malloc_r
                0x000000000800436c       0xbc c:/st/stm32cubeide_1.0.0/stm32cubeide/plugins/com.st.stm32cube.ide.mcu.externaltools.gnu-tools-for-stm32.7-2018-q2-update.win32_1.0.0.201904181610/tools/bin/../lib/gcc/arm-none-eabi/7.3.1/../../../../arm-none-eabi/lib/thumb/v6-m\libc_nano.a(lib_a-nano-mallocr.o)
                0x000000000800436c                _malloc_r
 .text._sbrk_r  0x0000000008004428       0x24 c:/st/stm32cubeide_1.0.0/stm32cubeide/plugins/com.st.stm32cube.ide.mcu.externaltools.gnu-tools-for-stm32.7-2018-q2-update.win32_1.0.0.201904181610/tools/bin/../lib/gcc/arm-none-eabi/7.3.1/../../../../arm-none-eabi/lib/thumb/v6-m\libc_nano.a(lib_a-sbrkr.o)
                0x0000000008004428                _sbrk_r
 .text.__malloc_lock
                0x000000000800444c        0x2 c:/st/stm32cubeide_1.0.0/stm32cubeide/plugins/com.st.stm32cube.ide.mcu.externaltools.gnu-tools-for-stm32.7-2018-q2-update.win32_1.0.0.201904181610/tools/bin/../lib/gcc/arm-none-eabi/7.3.1/../../../../arm-none-eabi/lib/thumb/v6-m\libc_nano.a(lib_a-mlock.o)
                0x000000000800444c                __malloc_lock
 .text.__malloc_unlock
                0x000000000800444e        0x2 c:/st/stm32cubeide_1.0.0/stm32cubeide/plugins/com.st.stm32cube.ide.mcu.externaltools.gnu-tools-for-stm32.7-2018-q2-update.win32_1.0.0.201904181610/tools/bin/../lib/gcc/arm-none-eabi/7.3.1/../../../../arm-none-eabi/lib/thumb/v6-m\libc_nano.a(lib_a-mlock.o)
                0x000000000800444e                __malloc_unlock
 *(.glue_7)
 .glue_7        0x0000000008004450        0x0 linker stubs
 *(.glue_7t)
 .glue_7t       0x0000000008004450        0x0 linker stubs
 *(.eh_frame)
 .eh_frame      0x0000000008004450        0x0 c:/st/stm32cubeide_1.0.0/stm32cubeide/plugins/com.st.stm32cube.ide.mcu.externaltools.gnu-tools-for-stm32.7-2018-q2-update.win32_1.0.0.201904181610/tools/bin/../lib/gcc/arm-none-eabi/7.3.1/thumb/v6-m/crtbegin.o
 *(.init)
 .init          0x0000000008004450        0x4 c:/st/stm32cubeide_1.0.0/stm32cubeide/plugins/com.st.stm32cube.ide.mcu.externaltools.gnu-tools-for-stm32.7-2018-q2-update.win32_1.0.0.201904181610/tools/bin/../lib/gcc/arm-none-eabi/7.3.1/thumb/v6-m/crti.o
                0x0000000008004450                _init
 .init          0x0000000008004454        0x8 c:/st/stm32cubeide_1.0.0/stm32cubeide/plugins/com.st.stm32cube.ide.mcu.externaltools.gnu-tools-for-stm32.7-2018-q2-update.win32_1.0.0.201904181610/tools/bin/../lib/gcc/arm-none-eabi/7.3.1/thumb/v6-m/crtn.o
 *(.fini)
 .fini          0x000000000800445c        0x4 c:/st/stm32cubeide_1.0.0/stm32cubeide/plugins/com.st.stm32cube.ide.mcu.externaltools.gnu-tools-for-stm32.7-2018-q2-update.win32_1.0.0.201904181610/tools/bin/../lib/gcc/arm-none-eabi/7.3.1/thumb/v6-m/crti.o
                0x000000000800445c                _fini
 .fini          0x0000000008004460        0x8 c:/st/stm32cubeide_1.0.0/stm32cubeide/plugins/com.st.stm32cube.ide.mcu.externaltools.gnu-tools-for-stm32.7-2018-q2-update.win32_1.0.0.201904181610/tools/bin/../lib/gcc/arm-none-eabi/7.3.1/thumb/v6-m/crtn.o
                0x0000000008004468                . = ALIGN (0x4)
                0x0000000008004468                _etext = .

.vfp11_veneer   0x0000000008004468        0x0
 .vfp11_veneer  0x0000000008004468        0x0 linker stubs

.v4_bx          0x0000000008004468        0x0
 .v4_bx         0x0000000008004468        0x0 linker stubs

.iplt           0x0000000008004468        0x0
 .iplt          0x0000000008004468        0x0 c:/st/stm32cubeide_1.0.0/stm32cubeide/plugins/com.st.stm32cube.ide.mcu.externaltools.gnu-tools-for-stm32.7-2018-q2-update.win32_1.0.0.201904181610/tools/bin/../lib/gcc/arm-none-eabi/7.3.1/thumb/v6-m/crtbegin.o

.rodata         0x0000000008004468       0xb8
                0x0000000008004468                . = ALIGN (0x4)
 *(.rodata)
 .rodata        0x0000000008004468       0x7e Core/Src/main.o
 *fill*         0x00000000080044e6        0x2 
 .rodata        0x00000000080044e8       0x20 Drivers/STM32F0xx_HAL_Driver/Src/stm32f0xx_hal_rcc.o
 *(.rodata*)
 .rodata.AHBPrescTable
                0x0000000008004508       0x10 Core/Src/system_stm32f0xx.o
                0x0000000008004508                AHBPrescTable
 .rodata.APBPrescTable
                0x0000000008004518        0x8 Core/Src/system_stm32f0xx.o
                0x0000000008004518                APBPrescTable
                0x0000000008004520                . = ALIGN (0x4)

.rel.dyn        0x0000000008004520        0x0
 .rel.iplt      0x0000000008004520        0x0 c:/st/stm32cubeide_1.0.0/stm32cubeide/plugins/com.st.stm32cube.ide.mcu.externaltools.gnu-tools-for-stm32.7-2018-q2-update.win32_1.0.0.201904181610/tools/bin/../lib/gcc/arm-none-eabi/7.3.1/thumb/v6-m/crtbegin.o

.ARM.extab      0x0000000008004520        0x0
                0x0000000008004520                . = ALIGN (0x4)
 *(.ARM.extab* .gnu.linkonce.armextab.*)
                0x0000000008004520                . = ALIGN (0x4)

.ARM            0x0000000008004520        0x0
                0x0000000008004520                . = ALIGN (0x4)
                0x0000000008004520                __exidx_start = .
 *(.ARM.exidx*)
                0x0000000008004520                __exidx_end = .
                0x0000000008004520                . = ALIGN (0x4)

.preinit_array  0x0000000008004520        0x0
                0x0000000008004520                . = ALIGN (0x4)
                0x0000000008004520                PROVIDE (__preinit_array_start = .)
 *(.preinit_array*)
                0x0000000008004520                PROVIDE (__preinit_array_end = .)
                0x0000000008004520                . = ALIGN (0x4)

.init_array     0x0000000008004520        0x4
                0x0000000008004520                . = ALIGN (0x4)
                0x0000000008004520                PROVIDE (__init_array_start = .)
 *(SORT_BY_NAME(.init_array.*))
 *(.init_array*)
 .init_array    0x0000000008004520        0x4 c:/st/stm32cubeide_1.0.0/stm32cubeide/plugins/com.st.stm32cube.ide.mcu.externaltools.gnu-tools-for-stm32.7-2018-q2-update.win32_1.0.0.201904181610/tools/bin/../lib/gcc/arm-none-eabi/7.3.1/thumb/v6-m/crtbegin.o
                0x0000000008004524                PROVIDE (__init_array_end = .)
                0x0000000008004524                . = ALIGN (0x4)

.fini_array     0x0000000008004524        0x4
                0x0000000008004524                . = ALIGN (0x4)
                [!provide]                        PROVIDE (__fini_array_start = .)
 *(SORT_BY_NAME(.fini_array.*))
 *(.fini_array*)
 .fini_array    0x0000000008004524        0x4 c:/st/stm32cubeide_1.0.0/stm32cubeide/plugins/com.st.stm32cube.ide.mcu.externaltools.gnu-tools-for-stm32.7-2018-q2-update.win32_1.0.0.201904181610/tools/bin/../lib/gcc/arm-none-eabi/7.3.1/thumb/v6-m/crtbegin.o
                [!provide]                        PROVIDE (__fini_array_end = .)
                0x0000000008004528                . = ALIGN (0x4)
                0x0000000008004528                _sidata = LOADADDR (.data)

.data           0x0000000020000000       0x70 load address 0x0000000008004528
                0x0000000020000000                . = ALIGN (0x4)
                0x0000000020000000                _sdata = .
 *(.data)
 *(.data*)
 .data.SystemCoreClock
                0x0000000020000000        0x4 Core/Src/system_stm32f0xx.o
                0x0000000020000000                SystemCoreClock
 .data.uwTickPrio
                0x0000000020000004        0x4 Drivers/STM32F0xx_HAL_Driver/Src/stm32f0xx_hal.o
                0x0000000020000004                uwTickPrio
 .data.uwTickFreq
                0x0000000020000008        0x1 Drivers/STM32F0xx_HAL_Driver/Src/stm32f0xx_hal.o
                0x0000000020000008                uwTickFreq
 *fill*         0x0000000020000009        0x3 
 .data._impure_ptr
                0x000000002000000c        0x4 c:/st/stm32cubeide_1.0.0/stm32cubeide/plugins/com.st.stm32cube.ide.mcu.externaltools.gnu-tools-for-stm32.7-2018-q2-update.win32_1.0.0.201904181610/tools/bin/../lib/gcc/arm-none-eabi/7.3.1/../../../../arm-none-eabi/lib/thumb/v6-m\libc_nano.a(lib_a-impure.o)
                0x000000002000000c                _impure_ptr
 .data.impure_data
                0x0000000020000010       0x60 c:/st/stm32cubeide_1.0.0/stm32cubeide/plugins/com.st.stm32cube.ide.mcu.externaltools.gnu-tools-for-stm32.7-2018-q2-update.win32_1.0.0.201904181610/tools/bin/../lib/gcc/arm-none-eabi/7.3.1/../../../../arm-none-eabi/lib/thumb/v6-m\libc_nano.a(lib_a-impure.o)
                0x0000000020000070                . = ALIGN (0x4)
                0x0000000020000070                _edata = .

.igot.plt       0x0000000020000070        0x0 load address 0x0000000008004598
 .igot.plt      0x0000000020000070        0x0 c:/st/stm32cubeide_1.0.0/stm32cubeide/plugins/com.st.stm32cube.ide.mcu.externaltools.gnu-tools-for-stm32.7-2018-q2-update.win32_1.0.0.201904181610/tools/bin/../lib/gcc/arm-none-eabi/7.3.1/thumb/v6-m/crtbegin.o
                0x0000000020000070                . = ALIGN (0x4)

.bss            0x0000000020000070      0x2c0 load address 0x0000000008004598
                0x0000000020000070                _sbss = .
                0x0000000020000070                __bss_start__ = _sbss
 *(.bss)
 .bss           0x0000000020000070       0x1c c:/st/stm32cubeide_1.0.0/stm32cubeide/plugins/com.st.stm32cube.ide.mcu.externaltools.gnu-tools-for-stm32.7-2018-q2-update.win32_1.0.0.201904181610/tools/bin/../lib/gcc/arm-none-eabi/7.3.1/thumb/v6-m/crtbegin.o
 *(.bss*)
 .bss.rx_uart_buffer
                0x000000002000008c        0xa Core/Src/main.o
                0x000000002000008c                rx_uart_buffer
 *fill*         0x0000000020000096        0x2 
 .bss.tx_uart_buffer
                0x0000000020000098       0x32 Core/Src/main.o
                0x0000000020000098                tx_uart_buffer
 *fill*         0x00000000200000ca        0x2 
 .bss.uart_buffer
                0x00000000200000cc        0xa Core/Src/main.o
 .bss.uart_buffer_pos
                0x00000000200000d6        0x1 Core/Src/main.o
 *fill*         0x00000000200000d7        0x1 
 .bss.old_pos.7892
                0x00000000200000d8        0x4 Core/Src/main.o
 .bss.heap_end.5149
                0x00000000200000dc        0x4 Core/Src/sysmem.o
 .bss.Buttons   0x00000000200000e0       0x2c Core/Src/tm_stm32_button.o
 .bss.TM_Time2  0x000000002000010c        0x4 Core/Src/tm_stm32_delay.o
                0x000000002000010c                TM_Time2
 .bss.TM_Time   0x0000000020000110        0x4 Core/Src/tm_stm32_delay.o
                0x0000000020000110                TM_Time
 .bss.CustomTimers
                0x0000000020000114       0x18 Core/Src/tm_stm32_delay.o
 .bss.GPIO_UsedPins
                0x000000002000012c       0x1a Core/Src/tm_stm32_gpio.o
 *fill*         0x0000000020000146        0x2 
 .bss.__malloc_free_list
                0x0000000020000148        0x4 c:/st/stm32cubeide_1.0.0/stm32cubeide/plugins/com.st.stm32cube.ide.mcu.externaltools.gnu-tools-for-stm32.7-2018-q2-update.win32_1.0.0.201904181610/tools/bin/../lib/gcc/arm-none-eabi/7.3.1/../../../../arm-none-eabi/lib/thumb/v6-m\libc_nano.a(lib_a-nano-mallocr.o)
                0x0000000020000148                __malloc_free_list
 .bss.__malloc_sbrk_start
                0x000000002000014c        0x4 c:/st/stm32cubeide_1.0.0/stm32cubeide/plugins/com.st.stm32cube.ide.mcu.externaltools.gnu-tools-for-stm32.7-2018-q2-update.win32_1.0.0.201904181610/tools/bin/../lib/gcc/arm-none-eabi/7.3.1/../../../../arm-none-eabi/lib/thumb/v6-m\libc_nano.a(lib_a-nano-mallocr.o)
                0x000000002000014c                __malloc_sbrk_start
 *(COMMON)
 COMMON         0x0000000020000150      0x1dc Core/Src/main.o
                0x0000000020000150                BTN_HOME
                0x0000000020000154                BTN_R_DOWN
                0x0000000020000158                hi2c1
                0x00000000200001a4                HX711_val
                0x00000000200001a8                BTN_VOICE
                0x00000000200001ac                BTN_R_UP
                0x00000000200001b0                hdma_usart1_tx
                0x00000000200001f4                hdma_usart1_rx
                0x0000000020000238                huart1
                0x00000000200002b8                BTN_TOUCH
                0x00000000200002bc                BTN_SELECT
                0x00000000200002c0                htim1
                0x0000000020000300                SWTIM1
                0x0000000020000304                BTN_SELECT_UP
                0x0000000020000308                BTN_SELECT_DOWN
                0x000000002000030c                BTN_SOS
                0x0000000020000310                BTN_L_UP
                0x0000000020000314                HX711_sensor
                0x0000000020000328                BTN_L_DOWN
 COMMON         0x000000002000032c        0x4 c:/st/stm32cubeide_1.0.0/stm32cubeide/plugins/com.st.stm32cube.ide.mcu.externaltools.gnu-tools-for-stm32.7-2018-q2-update.win32_1.0.0.201904181610/tools/bin/../lib/gcc/arm-none-eabi/7.3.1/../../../../arm-none-eabi/lib/thumb/v6-m\libc_nano.a(lib_a-reent.o)
                0x000000002000032c                errno
                0x0000000020000330                . = ALIGN (0x4)
                0x0000000020000330                _ebss = .
                0x0000000020000330                __bss_end__ = _ebss

._user_heap_stack
                0x0000000020000330      0x600 load address 0x0000000008004598
                0x0000000020000330                . = ALIGN (0x8)
                0x0000000020000330                PROVIDE (end = .)
                [!provide]                        PROVIDE (_end = .)
                0x0000000020000530                . = (. + _Min_Heap_Size)
 *fill*         0x0000000020000330      0x200 
                0x0000000020000930                . = (. + _Min_Stack_Size)
 *fill*         0x0000000020000530      0x400 
                0x0000000020000930                . = ALIGN (0x8)

/DISCARD/
 libc.a(*)
 libm.a(*)
 libgcc.a(*)

.ARM.attributes
                0x0000000000000000       0x28
 *(.ARM.attributes)
 .ARM.attributes
                0x0000000000000000       0x1e c:/st/stm32cubeide_1.0.0/stm32cubeide/plugins/com.st.stm32cube.ide.mcu.externaltools.gnu-tools-for-stm32.7-2018-q2-update.win32_1.0.0.201904181610/tools/bin/../lib/gcc/arm-none-eabi/7.3.1/thumb/v6-m/crti.o
 .ARM.attributes
                0x000000000000001e       0x2c c:/st/stm32cubeide_1.0.0/stm32cubeide/plugins/com.st.stm32cube.ide.mcu.externaltools.gnu-tools-for-stm32.7-2018-q2-update.win32_1.0.0.201904181610/tools/bin/../lib/gcc/arm-none-eabi/7.3.1/thumb/v6-m/crtbegin.o
 .ARM.attributes
                0x000000000000004a       0x31 Core/Src/hx711.o
 .ARM.attributes
                0x000000000000007b       0x31 Core/Src/main.o
 .ARM.attributes
                0x00000000000000ac       0x31 Core/Src/stm32f0xx_hal_msp.o
 .ARM.attributes
                0x00000000000000dd       0x31 Core/Src/stm32f0xx_it.o
 .ARM.attributes
                0x000000000000010e       0x31 Core/Src/sysmem.o
 .ARM.attributes
                0x000000000000013f       0x31 Core/Src/system_stm32f0xx.o
 .ARM.attributes
                0x0000000000000170       0x31 Core/Src/tm_stm32_button.o
 .ARM.attributes
                0x00000000000001a1       0x31 Core/Src/tm_stm32_delay.o
 .ARM.attributes
                0x00000000000001d2       0x31 Core/Src/tm_stm32_gpio.o
 .ARM.attributes
                0x0000000000000203       0x21 Core/Startup/startup_stm32f031k6tx.o
 .ARM.attributes
                0x0000000000000224       0x31 Drivers/STM32F0xx_HAL_Driver/Src/stm32f0xx_hal.o
 .ARM.attributes
                0x0000000000000255       0x31 Drivers/STM32F0xx_HAL_Driver/Src/stm32f0xx_hal_cortex.o
 .ARM.attributes
                0x0000000000000286       0x31 Drivers/STM32F0xx_HAL_Driver/Src/stm32f0xx_hal_dma.o
 .ARM.attributes
                0x00000000000002b7       0x31 Drivers/STM32F0xx_HAL_Driver/Src/stm32f0xx_hal_gpio.o
 .ARM.attributes
                0x00000000000002e8       0x31 Drivers/STM32F0xx_HAL_Driver/Src/stm32f0xx_hal_i2c.o
 .ARM.attributes
                0x0000000000000319       0x31 Drivers/STM32F0xx_HAL_Driver/Src/stm32f0xx_hal_i2c_ex.o
 .ARM.attributes
                0x000000000000034a       0x31 Drivers/STM32F0xx_HAL_Driver/Src/stm32f0xx_hal_rcc.o
 .ARM.attributes
                0x000000000000037b       0x31 Drivers/STM32F0xx_HAL_Driver/Src/stm32f0xx_hal_rcc_ex.o
 .ARM.attributes
                0x00000000000003ac       0x31 Drivers/STM32F0xx_HAL_Driver/Src/stm32f0xx_hal_tim.o
 .ARM.attributes
                0x00000000000003dd       0x31 Drivers/STM32F0xx_HAL_Driver/Src/stm32f0xx_hal_tim_ex.o
 .ARM.attributes
                0x000000000000040e       0x31 Drivers/STM32F0xx_HAL_Driver/Src/stm32f0xx_hal_uart.o
 .ARM.attributes
                0x000000000000043f       0x31 Drivers/STM32F0xx_HAL_Driver/Src/stm32f0xx_hal_uart_ex.o
 .ARM.attributes
                0x0000000000000470       0x2c c:/st/stm32cubeide_1.0.0/stm32cubeide/plugins/com.st.stm32cube.ide.mcu.externaltools.gnu-tools-for-stm32.7-2018-q2-update.win32_1.0.0.201904181610/tools/bin/../lib/gcc/arm-none-eabi/7.3.1/../../../../arm-none-eabi/lib/thumb/v6-m\libc_nano.a(lib_a-errno.o)
 .ARM.attributes
                0x000000000000049c       0x2c c:/st/stm32cubeide_1.0.0/stm32cubeide/plugins/com.st.stm32cube.ide.mcu.externaltools.gnu-tools-for-stm32.7-2018-q2-update.win32_1.0.0.201904181610/tools/bin/../lib/gcc/arm-none-eabi/7.3.1/../../../../arm-none-eabi/lib/thumb/v6-m\libc_nano.a(lib_a-impure.o)
 .ARM.attributes
                0x00000000000004c8       0x2c c:/st/stm32cubeide_1.0.0/stm32cubeide/plugins/com.st.stm32cube.ide.mcu.externaltools.gnu-tools-for-stm32.7-2018-q2-update.win32_1.0.0.201904181610/tools/bin/../lib/gcc/arm-none-eabi/7.3.1/../../../../arm-none-eabi/lib/thumb/v6-m\libc_nano.a(lib_a-init.o)
 .ARM.attributes
                0x00000000000004f4       0x2c c:/st/stm32cubeide_1.0.0/stm32cubeide/plugins/com.st.stm32cube.ide.mcu.externaltools.gnu-tools-for-stm32.7-2018-q2-update.win32_1.0.0.201904181610/tools/bin/../lib/gcc/arm-none-eabi/7.3.1/../../../../arm-none-eabi/lib/thumb/v6-m\libc_nano.a(lib_a-malloc.o)
 .ARM.attributes
                0x0000000000000520       0x2c c:/st/stm32cubeide_1.0.0/stm32cubeide/plugins/com.st.stm32cube.ide.mcu.externaltools.gnu-tools-for-stm32.7-2018-q2-update.win32_1.0.0.201904181610/tools/bin/../lib/gcc/arm-none-eabi/7.3.1/../../../../arm-none-eabi/lib/thumb/v6-m\libc_nano.a(lib_a-memset.o)
 .ARM.attributes
                0x000000000000054c       0x2c c:/st/stm32cubeide_1.0.0/stm32cubeide/plugins/com.st.stm32cube.ide.mcu.externaltools.gnu-tools-for-stm32.7-2018-q2-update.win32_1.0.0.201904181610/tools/bin/../lib/gcc/arm-none-eabi/7.3.1/../../../../arm-none-eabi/lib/thumb/v6-m\libc_nano.a(lib_a-nano-mallocr.o)
 .ARM.attributes
                0x0000000000000578       0x2c c:/st/stm32cubeide_1.0.0/stm32cubeide/plugins/com.st.stm32cube.ide.mcu.externaltools.gnu-tools-for-stm32.7-2018-q2-update.win32_1.0.0.201904181610/tools/bin/../lib/gcc/arm-none-eabi/7.3.1/../../../../arm-none-eabi/lib/thumb/v6-m\libc_nano.a(lib_a-sbrkr.o)
 .ARM.attributes
                0x00000000000005a4       0x2c c:/st/stm32cubeide_1.0.0/stm32cubeide/plugins/com.st.stm32cube.ide.mcu.externaltools.gnu-tools-for-stm32.7-2018-q2-update.win32_1.0.0.201904181610/tools/bin/../lib/gcc/arm-none-eabi/7.3.1/../../../../arm-none-eabi/lib/thumb/v6-m\libc_nano.a(lib_a-mlock.o)
 .ARM.attributes
                0x00000000000005d0       0x2c c:/st/stm32cubeide_1.0.0/stm32cubeide/plugins/com.st.stm32cube.ide.mcu.externaltools.gnu-tools-for-stm32.7-2018-q2-update.win32_1.0.0.201904181610/tools/bin/../lib/gcc/arm-none-eabi/7.3.1/../../../../arm-none-eabi/lib/thumb/v6-m\libc_nano.a(lib_a-reent.o)
 .ARM.attributes
                0x00000000000005fc       0x1e c:/st/stm32cubeide_1.0.0/stm32cubeide/plugins/com.st.stm32cube.ide.mcu.externaltools.gnu-tools-for-stm32.7-2018-q2-update.win32_1.0.0.201904181610/tools/bin/../lib/gcc/arm-none-eabi/7.3.1/thumb/v6-m\libgcc.a(_udivsi3.o)
 .ARM.attributes
                0x000000000000061a       0x1e c:/st/stm32cubeide_1.0.0/stm32cubeide/plugins/com.st.stm32cube.ide.mcu.externaltools.gnu-tools-for-stm32.7-2018-q2-update.win32_1.0.0.201904181610/tools/bin/../lib/gcc/arm-none-eabi/7.3.1/thumb/v6-m\libgcc.a(_dvmd_tls.o)
 .ARM.attributes
                0x0000000000000638       0x1e c:/st/stm32cubeide_1.0.0/stm32cubeide/plugins/com.st.stm32cube.ide.mcu.externaltools.gnu-tools-for-stm32.7-2018-q2-update.win32_1.0.0.201904181610/tools/bin/../lib/gcc/arm-none-eabi/7.3.1/thumb/v6-m/crtn.o
OUTPUT(SeamlessVision.elf elf32-littlearm)

.debug_info     0x0000000000000000    0x127be
 .debug_info    0x0000000000000000      0xbff Core/Src/hx711.o
 .debug_info    0x0000000000000bff     0x221d Core/Src/main.o
 .debug_info    0x0000000000002e1c     0x1853 Core/Src/stm32f0xx_hal_msp.o
 .debug_info    0x000000000000466f      0xf1a Core/Src/stm32f0xx_it.o
 .debug_info    0x0000000000005589      0x91c Core/Src/sysmem.o
 .debug_info    0x0000000000005ea5      0x29e Core/Src/system_stm32f0xx.o
 .debug_info    0x0000000000006143      0xd3a Core/Src/tm_stm32_button.o
 .debug_info    0x0000000000006e7d      0xddb Core/Src/tm_stm32_delay.o
 .debug_info    0x0000000000007c58      0x7d2 Core/Src/tm_stm32_gpio.o
 .debug_info    0x000000000000842a       0x22 Core/Startup/startup_stm32f031k6tx.o
 .debug_info    0x000000000000844c      0x673 Drivers/STM32F0xx_HAL_Driver/Src/stm32f0xx_hal.o
 .debug_info    0x0000000000008abf      0x750 Drivers/STM32F0xx_HAL_Driver/Src/stm32f0xx_hal_cortex.o
 .debug_info    0x000000000000920f      0x79f Drivers/STM32F0xx_HAL_Driver/Src/stm32f0xx_hal_dma.o
 .debug_info    0x00000000000099ae      0x661 Drivers/STM32F0xx_HAL_Driver/Src/stm32f0xx_hal_gpio.o
 .debug_info    0x000000000000a00f     0x1f39 Drivers/STM32F0xx_HAL_Driver/Src/stm32f0xx_hal_i2c.o
 .debug_info    0x000000000000bf48      0x8ba Drivers/STM32F0xx_HAL_Driver/Src/stm32f0xx_hal_i2c_ex.o
 .debug_info    0x000000000000c802      0x80a Drivers/STM32F0xx_HAL_Driver/Src/stm32f0xx_hal_rcc.o
 .debug_info    0x000000000000d00c      0x3cb Drivers/STM32F0xx_HAL_Driver/Src/stm32f0xx_hal_rcc_ex.o
 .debug_info    0x000000000000d3d7     0x2522 Drivers/STM32F0xx_HAL_Driver/Src/stm32f0xx_hal_tim.o
 .debug_info    0x000000000000f8f9     0x10e6 Drivers/STM32F0xx_HAL_Driver/Src/stm32f0xx_hal_tim_ex.o
 .debug_info    0x00000000000109df     0x156d Drivers/STM32F0xx_HAL_Driver/Src/stm32f0xx_hal_uart.o
 .debug_info    0x0000000000011f4c      0x872 Drivers/STM32F0xx_HAL_Driver/Src/stm32f0xx_hal_uart_ex.o

.debug_abbrev   0x0000000000000000     0x2bad
 .debug_abbrev  0x0000000000000000      0x20a Core/Src/hx711.o
 .debug_abbrev  0x000000000000020a      0x3c3 Core/Src/main.o
 .debug_abbrev  0x00000000000005cd      0x24b Core/Src/stm32f0xx_hal_msp.o
 .debug_abbrev  0x0000000000000818      0x1ba Core/Src/stm32f0xx_it.o
 .debug_abbrev  0x00000000000009d2      0x1bb Core/Src/sysmem.o
 .debug_abbrev  0x0000000000000b8d      0x12b Core/Src/system_stm32f0xx.o
 .debug_abbrev  0x0000000000000cb8      0x223 Core/Src/tm_stm32_button.o
 .debug_abbrev  0x0000000000000edb      0x305 Core/Src/tm_stm32_delay.o
 .debug_abbrev  0x00000000000011e0      0x1b3 Core/Src/tm_stm32_gpio.o
 .debug_abbrev  0x0000000000001393       0x12 Core/Startup/startup_stm32f031k6tx.o
 .debug_abbrev  0x00000000000013a5      0x1f2 Drivers/STM32F0xx_HAL_Driver/Src/stm32f0xx_hal.o
 .debug_abbrev  0x0000000000001597      0x273 Drivers/STM32F0xx_HAL_Driver/Src/stm32f0xx_hal_cortex.o
 .debug_abbrev  0x000000000000180a      0x1ed Drivers/STM32F0xx_HAL_Driver/Src/stm32f0xx_hal_dma.o
 .debug_abbrev  0x00000000000019f7      0x1c0 Drivers/STM32F0xx_HAL_Driver/Src/stm32f0xx_hal_gpio.o
 .debug_abbrev  0x0000000000001bb7      0x239 Drivers/STM32F0xx_HAL_Driver/Src/stm32f0xx_hal_i2c.o
 .debug_abbrev  0x0000000000001df0      0x1c8 Drivers/STM32F0xx_HAL_Driver/Src/stm32f0xx_hal_i2c_ex.o
 .debug_abbrev  0x0000000000001fb8      0x20f Drivers/STM32F0xx_HAL_Driver/Src/stm32f0xx_hal_rcc.o
 .debug_abbrev  0x00000000000021c7      0x175 Drivers/STM32F0xx_HAL_Driver/Src/stm32f0xx_hal_rcc_ex.o
 .debug_abbrev  0x000000000000233c      0x23f Drivers/STM32F0xx_HAL_Driver/Src/stm32f0xx_hal_tim.o
 .debug_abbrev  0x000000000000257b      0x22d Drivers/STM32F0xx_HAL_Driver/Src/stm32f0xx_hal_tim_ex.o
 .debug_abbrev  0x00000000000027a8      0x214 Drivers/STM32F0xx_HAL_Driver/Src/stm32f0xx_hal_uart.o
 .debug_abbrev  0x00000000000029bc      0x1f1 Drivers/STM32F0xx_HAL_Driver/Src/stm32f0xx_hal_uart_ex.o

.debug_aranges  0x0000000000000000     0x10e8
 .debug_aranges
                0x0000000000000000       0x40 Core/Src/hx711.o
 .debug_aranges
                0x0000000000000040       0xe8 Core/Src/main.o
 .debug_aranges
                0x0000000000000128       0x50 Core/Src/stm32f0xx_hal_msp.o
 .debug_aranges
                0x0000000000000178       0x60 Core/Src/stm32f0xx_it.o
 .debug_aranges
                0x00000000000001d8       0x20 Core/Src/sysmem.o
 .debug_aranges
                0x00000000000001f8       0x28 Core/Src/system_stm32f0xx.o
 .debug_aranges
                0x0000000000000220       0x38 Core/Src/tm_stm32_button.o
 .debug_aranges
                0x0000000000000258       0x78 Core/Src/tm_stm32_delay.o
 .debug_aranges
                0x00000000000002d0       0x98 Core/Src/tm_stm32_gpio.o
 .debug_aranges
                0x0000000000000368       0x28 Core/Startup/startup_stm32f031k6tx.o
 .debug_aranges
                0x0000000000000390       0xd0 Drivers/STM32F0xx_HAL_Driver/Src/stm32f0xx_hal.o
 .debug_aranges
                0x0000000000000460       0xc0 Drivers/STM32F0xx_HAL_Driver/Src/stm32f0xx_hal_cortex.o
 .debug_aranges
                0x0000000000000520       0x88 Drivers/STM32F0xx_HAL_Driver/Src/stm32f0xx_hal_dma.o
 .debug_aranges
                0x00000000000005a8       0x58 Drivers/STM32F0xx_HAL_Driver/Src/stm32f0xx_hal_gpio.o
 .debug_aranges
                0x0000000000000600      0x288 Drivers/STM32F0xx_HAL_Driver/Src/stm32f0xx_hal_i2c.o
 .debug_aranges
                0x0000000000000888       0x48 Drivers/STM32F0xx_HAL_Driver/Src/stm32f0xx_hal_i2c_ex.o
 .debug_aranges
                0x00000000000008d0       0x80 Drivers/STM32F0xx_HAL_Driver/Src/stm32f0xx_hal_rcc.o
 .debug_aranges
                0x0000000000000950       0x30 Drivers/STM32F0xx_HAL_Driver/Src/stm32f0xx_hal_rcc_ex.o
 .debug_aranges
                0x0000000000000980      0x3b8 Drivers/STM32F0xx_HAL_Driver/Src/stm32f0xx_hal_tim.o
 .debug_aranges
                0x0000000000000d38      0x150 Drivers/STM32F0xx_HAL_Driver/Src/stm32f0xx_hal_tim_ex.o
 .debug_aranges
                0x0000000000000e88      0x210 Drivers/STM32F0xx_HAL_Driver/Src/stm32f0xx_hal_uart.o
 .debug_aranges
                0x0000000000001098       0x50 Drivers/STM32F0xx_HAL_Driver/Src/stm32f0xx_hal_uart_ex.o

.debug_ranges   0x0000000000000000      0xf90
 .debug_ranges  0x0000000000000000       0x30 Core/Src/hx711.o
 .debug_ranges  0x0000000000000030       0xd8 Core/Src/main.o
 .debug_ranges  0x0000000000000108       0x40 Core/Src/stm32f0xx_hal_msp.o
 .debug_ranges  0x0000000000000148       0x50 Core/Src/stm32f0xx_it.o
 .debug_ranges  0x0000000000000198       0x10 Core/Src/sysmem.o
 .debug_ranges  0x00000000000001a8       0x18 Core/Src/system_stm32f0xx.o
 .debug_ranges  0x00000000000001c0       0x28 Core/Src/tm_stm32_button.o
 .debug_ranges  0x00000000000001e8       0x68 Core/Src/tm_stm32_delay.o
 .debug_ranges  0x0000000000000250       0x88 Core/Src/tm_stm32_gpio.o
 .debug_ranges  0x00000000000002d8       0x20 Core/Startup/startup_stm32f031k6tx.o
 .debug_ranges  0x00000000000002f8       0xc0 Drivers/STM32F0xx_HAL_Driver/Src/stm32f0xx_hal.o
 .debug_ranges  0x00000000000003b8       0xb0 Drivers/STM32F0xx_HAL_Driver/Src/stm32f0xx_hal_cortex.o
 .debug_ranges  0x0000000000000468       0x78 Drivers/STM32F0xx_HAL_Driver/Src/stm32f0xx_hal_dma.o
 .debug_ranges  0x00000000000004e0       0x48 Drivers/STM32F0xx_HAL_Driver/Src/stm32f0xx_hal_gpio.o
 .debug_ranges  0x0000000000000528      0x278 Drivers/STM32F0xx_HAL_Driver/Src/stm32f0xx_hal_i2c.o
 .debug_ranges  0x00000000000007a0       0x38 Drivers/STM32F0xx_HAL_Driver/Src/stm32f0xx_hal_i2c_ex.o
 .debug_ranges  0x00000000000007d8       0x70 Drivers/STM32F0xx_HAL_Driver/Src/stm32f0xx_hal_rcc.o
 .debug_ranges  0x0000000000000848       0x20 Drivers/STM32F0xx_HAL_Driver/Src/stm32f0xx_hal_rcc_ex.o
 .debug_ranges  0x0000000000000868      0x3a8 Drivers/STM32F0xx_HAL_Driver/Src/stm32f0xx_hal_tim.o
 .debug_ranges  0x0000000000000c10      0x140 Drivers/STM32F0xx_HAL_Driver/Src/stm32f0xx_hal_tim_ex.o
 .debug_ranges  0x0000000000000d50      0x200 Drivers/STM32F0xx_HAL_Driver/Src/stm32f0xx_hal_uart.o
 .debug_ranges  0x0000000000000f50       0x40 Drivers/STM32F0xx_HAL_Driver/Src/stm32f0xx_hal_uart_ex.o

.debug_macro    0x0000000000000000     0xf042
 .debug_macro   0x0000000000000000      0x2b9 Core/Src/hx711.o
 .debug_macro   0x00000000000002b9      0xa48 Core/Src/hx711.o
 .debug_macro   0x0000000000000d01      0x133 Core/Src/hx711.o
 .debug_macro   0x0000000000000e34       0x2e Core/Src/hx711.o
 .debug_macro   0x0000000000000e62       0x22 Core/Src/hx711.o
 .debug_macro   0x0000000000000e84       0x22 Core/Src/hx711.o
 .debug_macro   0x0000000000000ea6       0x8e Core/Src/hx711.o
 .debug_macro   0x0000000000000f34       0x51 Core/Src/hx711.o
 .debug_macro   0x0000000000000f85       0xef Core/Src/hx711.o
 .debug_macro   0x0000000000001074       0x6a Core/Src/hx711.o
 .debug_macro   0x00000000000010de      0x1df Core/Src/hx711.o
 .debug_macro   0x00000000000012bd       0x1c Core/Src/hx711.o
 .debug_macro   0x00000000000012d9       0x22 Core/Src/hx711.o
 .debug_macro   0x00000000000012fb       0xb5 Core/Src/hx711.o
 .debug_macro   0x00000000000013b0      0x391 Core/Src/hx711.o
 .debug_macro   0x0000000000001741     0x753d Core/Src/hx711.o
 .debug_macro   0x0000000000008c7e       0x3c Core/Src/hx711.o
 .debug_macro   0x0000000000008cba      0x174 Core/Src/hx711.o
 .debug_macro   0x0000000000008e2e       0x53 Core/Src/hx711.o
 .debug_macro   0x0000000000008e81      0x924 Core/Src/hx711.o
 .debug_macro   0x00000000000097a5       0xe5 Core/Src/hx711.o
 .debug_macro   0x000000000000988a      0x12f Core/Src/hx711.o
 .debug_macro   0x00000000000099b9       0xce Core/Src/hx711.o
 .debug_macro   0x0000000000009a87      0x199 Core/Src/hx711.o
 .debug_macro   0x0000000000009c20      0x1ed Core/Src/hx711.o
 .debug_macro   0x0000000000009e0d       0x34 Core/Src/hx711.o
 .debug_macro   0x0000000000009e41       0x43 Core/Src/hx711.o
 .debug_macro   0x0000000000009e84       0x28 Core/Src/hx711.o
 .debug_macro   0x0000000000009eac       0xb0 Core/Src/hx711.o
 .debug_macro   0x0000000000009f5c      0x15a Core/Src/hx711.o
 .debug_macro   0x000000000000a0b6      0x22c Core/Src/hx711.o
 .debug_macro   0x000000000000a2e2       0x5f Core/Src/hx711.o
 .debug_macro   0x000000000000a341       0xa5 Core/Src/hx711.o
 .debug_macro   0x000000000000a3e6       0x4c Core/Src/hx711.o
 .debug_macro   0x000000000000a432      0x112 Core/Src/hx711.o
 .debug_macro   0x000000000000a544      0x8ae Core/Src/hx711.o
 .debug_macro   0x000000000000adf2       0x28 Core/Src/hx711.o
 .debug_macro   0x000000000000ae1a      0x589 Core/Src/hx711.o
 .debug_macro   0x000000000000b3a3       0x3e Core/Src/hx711.o
 .debug_macro   0x000000000000b3e1      0x106 Core/Src/hx711.o
 .debug_macro   0x000000000000b4e7       0x17 Core/Src/hx711.o
 .debug_macro   0x000000000000b4fe       0xa9 Core/Src/hx711.o
 .debug_macro   0x000000000000b5a7       0x18 Core/Src/hx711.o
 .debug_macro   0x000000000000b5bf       0x46 Core/Src/hx711.o
 .debug_macro   0x000000000000b605       0x3c Core/Src/hx711.o
 .debug_macro   0x000000000000b641       0x34 Core/Src/hx711.o
 .debug_macro   0x000000000000b675       0x16 Core/Src/hx711.o
 .debug_macro   0x000000000000b68b       0x35 Core/Src/hx711.o
 .debug_macro   0x000000000000b6c0       0x52 Core/Src/hx711.o
 .debug_macro   0x000000000000b712       0x1f Core/Src/hx711.o
 .debug_macro   0x000000000000b731       0x43 Core/Src/hx711.o
 .debug_macro   0x000000000000b774       0x20 Core/Src/hx711.o
 .debug_macro   0x000000000000b794      0x1a3 Core/Src/hx711.o
 .debug_macro   0x000000000000b937      0x32a Core/Src/hx711.o
 .debug_macro   0x000000000000bc61       0x16 Core/Src/hx711.o
 .debug_macro   0x000000000000bc77       0x29 Core/Src/hx711.o
 .debug_macro   0x000000000000bca0       0x32 Core/Src/hx711.o
 .debug_macro   0x000000000000bcd2      0x42e Core/Src/main.o
 .debug_macro   0x000000000000c100       0x16 Core/Src/main.o
 .debug_macro   0x000000000000c116       0x10 Core/Src/main.o
 .debug_macro   0x000000000000c126       0x10 Core/Src/main.o
 .debug_macro   0x000000000000c136       0x1c Core/Src/main.o
 .debug_macro   0x000000000000c152       0x52 Core/Src/main.o
 .debug_macro   0x000000000000c1a4       0x40 Core/Src/main.o
 .debug_macro   0x000000000000c1e4       0x10 Core/Src/main.o
 .debug_macro   0x000000000000c1f4       0x40 Core/Src/main.o
 .debug_macro   0x000000000000c234       0xd7 Core/Src/main.o
 .debug_macro   0x000000000000c30b       0x1c Core/Src/main.o
 .debug_macro   0x000000000000c327       0x3d Core/Src/main.o
 .debug_macro   0x000000000000c364       0x16 Core/Src/main.o
 .debug_macro   0x000000000000c37a      0x145 Core/Src/main.o
 .debug_macro   0x000000000000c4bf       0x4c Core/Src/main.o
 .debug_macro   0x000000000000c50b       0x16 Core/Src/main.o
 .debug_macro   0x000000000000c521       0x20 Core/Src/main.o
 .debug_macro   0x000000000000c541       0x22 Core/Src/main.o
 .debug_macro   0x000000000000c563      0x124 Core/Src/main.o
 .debug_macro   0x000000000000c687       0x1c Core/Src/main.o
 .debug_macro   0x000000000000c6a3      0x35f Core/Src/stm32f0xx_hal_msp.o
 .debug_macro   0x000000000000ca02      0x369 Core/Src/stm32f0xx_it.o
 .debug_macro   0x000000000000cd6b      0x1ae Core/Src/sysmem.o
 .debug_macro   0x000000000000cf19      0x23b Core/Src/sysmem.o
 .debug_macro   0x000000000000d154      0x1b8 Core/Src/system_stm32f0xx.o
 .debug_macro   0x000000000000d30c      0x2cb Core/Src/tm_stm32_button.o
 .debug_macro   0x000000000000d5d7      0x2a4 Core/Src/tm_stm32_delay.o
 .debug_macro   0x000000000000d87b      0x1d6 Core/Src/tm_stm32_gpio.o
 .debug_macro   0x000000000000da51      0x1dc Drivers/STM32F0xx_HAL_Driver/Src/stm32f0xx_hal.o
 .debug_macro   0x000000000000dc2d      0x1b8 Drivers/STM32F0xx_HAL_Driver/Src/stm32f0xx_hal_cortex.o
 .debug_macro   0x000000000000dde5      0x1b8 Drivers/STM32F0xx_HAL_Driver/Src/stm32f0xx_hal_dma.o
 .debug_macro   0x000000000000df9d      0x1f0 Drivers/STM32F0xx_HAL_Driver/Src/stm32f0xx_hal_gpio.o
 .debug_macro   0x000000000000e18d      0x27d Drivers/STM32F0xx_HAL_Driver/Src/stm32f0xx_hal_i2c.o
 .debug_macro   0x000000000000e40a      0x1b8 Drivers/STM32F0xx_HAL_Driver/Src/stm32f0xx_hal_i2c_ex.o
 .debug_macro   0x000000000000e5c2      0x1ca Drivers/STM32F0xx_HAL_Driver/Src/stm32f0xx_hal_rcc.o
 .debug_macro   0x000000000000e78c      0x1b8 Drivers/STM32F0xx_HAL_Driver/Src/stm32f0xx_hal_rcc_ex.o
 .debug_macro   0x000000000000e944      0x1b9 Drivers/STM32F0xx_HAL_Driver/Src/stm32f0xx_hal_tim.o
 .debug_macro   0x000000000000eafd      0x1b8 Drivers/STM32F0xx_HAL_Driver/Src/stm32f0xx_hal_tim_ex.o
 .debug_macro   0x000000000000ecb5      0x1d5 Drivers/STM32F0xx_HAL_Driver/Src/stm32f0xx_hal_uart.o
 .debug_macro   0x000000000000ee8a      0x1b8 Drivers/STM32F0xx_HAL_Driver/Src/stm32f0xx_hal_uart_ex.o

.debug_line     0x0000000000000000     0xe264
 .debug_line    0x0000000000000000      0x8cd Core/Src/hx711.o
 .debug_line    0x00000000000008cd      0xc85 Core/Src/main.o
 .debug_line    0x0000000000001552      0x94e Core/Src/stm32f0xx_hal_msp.o
 .debug_line    0x0000000000001ea0      0x94c Core/Src/stm32f0xx_it.o
 .debug_line    0x00000000000027ec      0x55e Core/Src/sysmem.o
 .debug_line    0x0000000000002d4a      0x6b6 Core/Src/system_stm32f0xx.o
 .debug_line    0x0000000000003400      0x89e Core/Src/tm_stm32_button.o
 .debug_line    0x0000000000003c9e      0x966 Core/Src/tm_stm32_delay.o
 .debug_line    0x0000000000004604      0x874 Core/Src/tm_stm32_gpio.o
 .debug_line    0x0000000000004e78       0x89 Core/Startup/startup_stm32f031k6tx.o
 .debug_line    0x0000000000004f01      0x852 Drivers/STM32F0xx_HAL_Driver/Src/stm32f0xx_hal.o
 .debug_line    0x0000000000005753      0x86a Drivers/STM32F0xx_HAL_Driver/Src/stm32f0xx_hal_cortex.o
 .debug_line    0x0000000000005fbd      0x8b0 Drivers/STM32F0xx_HAL_Driver/Src/stm32f0xx_hal_dma.o
 .debug_line    0x000000000000686d      0x804 Drivers/STM32F0xx_HAL_Driver/Src/stm32f0xx_hal_gpio.o
 .debug_line    0x0000000000007071     0x1a1f Drivers/STM32F0xx_HAL_Driver/Src/stm32f0xx_hal_i2c.o
 .debug_line    0x0000000000008a90      0x7e0 Drivers/STM32F0xx_HAL_Driver/Src/stm32f0xx_hal_i2c_ex.o
 .debug_line    0x0000000000009270      0x913 Drivers/STM32F0xx_HAL_Driver/Src/stm32f0xx_hal_rcc.o
 .debug_line    0x0000000000009b83      0x76d Drivers/STM32F0xx_HAL_Driver/Src/stm32f0xx_hal_rcc_ex.o
 .debug_line    0x000000000000a2f0     0x1a07 Drivers/STM32F0xx_HAL_Driver/Src/stm32f0xx_hal_tim.o
 .debug_line    0x000000000000bcf7      0xc99 Drivers/STM32F0xx_HAL_Driver/Src/stm32f0xx_hal_tim_ex.o
 .debug_line    0x000000000000c990     0x113f Drivers/STM32F0xx_HAL_Driver/Src/stm32f0xx_hal_uart.o
 .debug_line    0x000000000000dacf      0x795 Drivers/STM32F0xx_HAL_Driver/Src/stm32f0xx_hal_uart_ex.o

.debug_str      0x0000000000000000    0x51115
 .debug_str     0x0000000000000000    0x4a2c8 Core/Src/hx711.o
                                      0x4a584 (size before relaxing)
 .debug_str     0x000000000004a2c8     0x2b07 Core/Src/main.o
                                      0x4d1ca (size before relaxing)
 .debug_str     0x000000000004cdcf       0xd8 Core/Src/stm32f0xx_hal_msp.o
                                      0x4c2df (size before relaxing)
 .debug_str     0x000000000004cea7       0x9c Core/Src/stm32f0xx_it.o
                                      0x4bc1f (size before relaxing)
 .debug_str     0x000000000004cf43      0x4d1 Core/Src/sysmem.o
                                       0x7a52 (size before relaxing)
 .debug_str     0x000000000004d414       0x5f Core/Src/system_stm32f0xx.o
                                      0x46f3a (size before relaxing)
 .debug_str     0x000000000004d473      0x201 Core/Src/tm_stm32_button.o
                                      0x4a810 (size before relaxing)
 .debug_str     0x000000000004d674      0x1af Core/Src/tm_stm32_delay.o
                                      0x4a6a3 (size before relaxing)
 .debug_str     0x000000000004d823      0x1de Core/Src/tm_stm32_gpio.o
                                      0x476f0 (size before relaxing)
 .debug_str     0x000000000004da01       0x36 Core/Startup/startup_stm32f031k6tx.o
                                         0x7d (size before relaxing)
 .debug_str     0x000000000004da37      0x33d Drivers/STM32F0xx_HAL_Driver/Src/stm32f0xx_hal.o
                                      0x47424 (size before relaxing)
 .debug_str     0x000000000004dd74      0x1dc Drivers/STM32F0xx_HAL_Driver/Src/stm32f0xx_hal_cortex.o
                                      0x472d8 (size before relaxing)
 .debug_str     0x000000000004df50      0x248 Drivers/STM32F0xx_HAL_Driver/Src/stm32f0xx_hal_dma.o
                                      0x47312 (size before relaxing)
 .debug_str     0x000000000004e198      0x1cc Drivers/STM32F0xx_HAL_Driver/Src/stm32f0xx_hal_gpio.o
                                      0x471d6 (size before relaxing)
 .debug_str     0x000000000004e364      0xdec Drivers/STM32F0xx_HAL_Driver/Src/stm32f0xx_hal_i2c.o
                                      0x48199 (size before relaxing)
 .debug_str     0x000000000004f150       0xf3 Drivers/STM32F0xx_HAL_Driver/Src/stm32f0xx_hal_i2c_ex.o
                                      0x474d8 (size before relaxing)
 .debug_str     0x000000000004f243      0x249 Drivers/STM32F0xx_HAL_Driver/Src/stm32f0xx_hal_rcc.o
                                      0x47344 (size before relaxing)
 .debug_str     0x000000000004f48c       0xb1 Drivers/STM32F0xx_HAL_Driver/Src/stm32f0xx_hal_rcc_ex.o
                                      0x47076 (size before relaxing)
 .debug_str     0x000000000004f53d      0xdb7 Drivers/STM32F0xx_HAL_Driver/Src/stm32f0xx_hal_tim.o
                                      0x48133 (size before relaxing)
 .debug_str     0x00000000000502f4      0x52f Drivers/STM32F0xx_HAL_Driver/Src/stm32f0xx_hal_tim_ex.o
                                      0x478e7 (size before relaxing)
 .debug_str     0x0000000000050823      0x792 Drivers/STM32F0xx_HAL_Driver/Src/stm32f0xx_hal_uart.o
                                      0x47b4f (size before relaxing)
 .debug_str     0x0000000000050fb5      0x160 Drivers/STM32F0xx_HAL_Driver/Src/stm32f0xx_hal_uart_ex.o
                                      0x4742e (size before relaxing)

.comment        0x0000000000000000       0x7b
 .comment       0x0000000000000000       0x7b Core/Src/hx711.o
                                         0x7c (size before relaxing)
 .comment       0x000000000000007b       0x7c Core/Src/main.o
 .comment       0x000000000000007b       0x7c Core/Src/stm32f0xx_hal_msp.o
 .comment       0x000000000000007b       0x7c Core/Src/stm32f0xx_it.o
 .comment       0x000000000000007b       0x7c Core/Src/sysmem.o
 .comment       0x000000000000007b       0x7c Core/Src/system_stm32f0xx.o
 .comment       0x000000000000007b       0x7c Core/Src/tm_stm32_button.o
 .comment       0x000000000000007b       0x7c Core/Src/tm_stm32_delay.o
 .comment       0x000000000000007b       0x7c Core/Src/tm_stm32_gpio.o
 .comment       0x000000000000007b       0x7c Drivers/STM32F0xx_HAL_Driver/Src/stm32f0xx_hal.o
 .comment       0x000000000000007b       0x7c Drivers/STM32F0xx_HAL_Driver/Src/stm32f0xx_hal_cortex.o
 .comment       0x000000000000007b       0x7c Drivers/STM32F0xx_HAL_Driver/Src/stm32f0xx_hal_dma.o
 .comment       0x000000000000007b       0x7c Drivers/STM32F0xx_HAL_Driver/Src/stm32f0xx_hal_gpio.o
 .comment       0x000000000000007b       0x7c Drivers/STM32F0xx_HAL_Driver/Src/stm32f0xx_hal_i2c.o
 .comment       0x000000000000007b       0x7c Drivers/STM32F0xx_HAL_Driver/Src/stm32f0xx_hal_i2c_ex.o
 .comment       0x000000000000007b       0x7c Drivers/STM32F0xx_HAL_Driver/Src/stm32f0xx_hal_rcc.o
 .comment       0x000000000000007b       0x7c Drivers/STM32F0xx_HAL_Driver/Src/stm32f0xx_hal_rcc_ex.o
 .comment       0x000000000000007b       0x7c Drivers/STM32F0xx_HAL_Driver/Src/stm32f0xx_hal_tim.o
 .comment       0x000000000000007b       0x7c Drivers/STM32F0xx_HAL_Driver/Src/stm32f0xx_hal_tim_ex.o
 .comment       0x000000000000007b       0x7c Drivers/STM32F0xx_HAL_Driver/Src/stm32f0xx_hal_uart.o
 .comment       0x000000000000007b       0x7c Drivers/STM32F0xx_HAL_Driver/Src/stm32f0xx_hal_uart_ex.o

.debug_frame    0x0000000000000000     0x3d94
 .debug_frame   0x0000000000000000       0xc4 Core/Src/hx711.o
 .debug_frame   0x00000000000000c4      0x33c Core/Src/main.o
 .debug_frame   0x0000000000000400       0xf0 Core/Src/stm32f0xx_hal_msp.o
 .debug_frame   0x00000000000004f0      0x10c Core/Src/stm32f0xx_it.o
 .debug_frame   0x00000000000005fc       0x30 Core/Src/sysmem.o
 .debug_frame   0x000000000000062c       0x4c Core/Src/system_stm32f0xx.o
 .debug_frame   0x0000000000000678       0x90 Core/Src/tm_stm32_button.o
 .debug_frame   0x0000000000000708      0x184 Core/Src/tm_stm32_delay.o
 .debug_frame   0x000000000000088c      0x210 Core/Src/tm_stm32_gpio.o
 .debug_frame   0x0000000000000a9c      0x2a4 Drivers/STM32F0xx_HAL_Driver/Src/stm32f0xx_hal.o
 .debug_frame   0x0000000000000d40      0x2a0 Drivers/STM32F0xx_HAL_Driver/Src/stm32f0xx_hal_cortex.o
 .debug_frame   0x0000000000000fe0      0x1d0 Drivers/STM32F0xx_HAL_Driver/Src/stm32f0xx_hal_dma.o
 .debug_frame   0x00000000000011b0      0x110 Drivers/STM32F0xx_HAL_Driver/Src/stm32f0xx_hal_gpio.o
 .debug_frame   0x00000000000012c0      0xa00 Drivers/STM32F0xx_HAL_Driver/Src/stm32f0xx_hal_i2c.o
 .debug_frame   0x0000000000001cc0       0xd0 Drivers/STM32F0xx_HAL_Driver/Src/stm32f0xx_hal_i2c_ex.o
 .debug_frame   0x0000000000001d90      0x198 Drivers/STM32F0xx_HAL_Driver/Src/stm32f0xx_hal_rcc.o
 .debug_frame   0x0000000000001f28       0x70 Drivers/STM32F0xx_HAL_Driver/Src/stm32f0xx_hal_rcc_ex.o
 .debug_frame   0x0000000000001f98      0xe90 Drivers/STM32F0xx_HAL_Driver/Src/stm32f0xx_hal_tim.o
 .debug_frame   0x0000000000002e28      0x4f0 Drivers/STM32F0xx_HAL_Driver/Src/stm32f0xx_hal_tim_ex.o
 .debug_frame   0x0000000000003318      0x7f0 Drivers/STM32F0xx_HAL_Driver/Src/stm32f0xx_hal_uart.o
 .debug_frame   0x0000000000003b08       0xf0 Drivers/STM32F0xx_HAL_Driver/Src/stm32f0xx_hal_uart_ex.o
 .debug_frame   0x0000000000003bf8       0x20 c:/st/stm32cubeide_1.0.0/stm32cubeide/plugins/com.st.stm32cube.ide.mcu.externaltools.gnu-tools-for-stm32.7-2018-q2-update.win32_1.0.0.201904181610/tools/bin/../lib/gcc/arm-none-eabi/7.3.1/../../../../arm-none-eabi/lib/thumb/v6-m\libc_nano.a(lib_a-errno.o)
 .debug_frame   0x0000000000003c18       0x2c c:/st/stm32cubeide_1.0.0/stm32cubeide/plugins/com.st.stm32cube.ide.mcu.externaltools.gnu-tools-for-stm32.7-2018-q2-update.win32_1.0.0.201904181610/tools/bin/../lib/gcc/arm-none-eabi/7.3.1/../../../../arm-none-eabi/lib/thumb/v6-m\libc_nano.a(lib_a-init.o)
 .debug_frame   0x0000000000003c44       0x40 c:/st/stm32cubeide_1.0.0/stm32cubeide/plugins/com.st.stm32cube.ide.mcu.externaltools.gnu-tools-for-stm32.7-2018-q2-update.win32_1.0.0.201904181610/tools/bin/../lib/gcc/arm-none-eabi/7.3.1/../../../../arm-none-eabi/lib/thumb/v6-m\libc_nano.a(lib_a-malloc.o)
 .debug_frame   0x0000000000003c84       0x20 c:/st/stm32cubeide_1.0.0/stm32cubeide/plugins/com.st.stm32cube.ide.mcu.externaltools.gnu-tools-for-stm32.7-2018-q2-update.win32_1.0.0.201904181610/tools/bin/../lib/gcc/arm-none-eabi/7.3.1/../../../../arm-none-eabi/lib/thumb/v6-m\libc_nano.a(lib_a-memset.o)
 .debug_frame   0x0000000000003ca4       0x2c c:/st/stm32cubeide_1.0.0/stm32cubeide/plugins/com.st.stm32cube.ide.mcu.externaltools.gnu-tools-for-stm32.7-2018-q2-update.win32_1.0.0.201904181610/tools/bin/../lib/gcc/arm-none-eabi/7.3.1/../../../../arm-none-eabi/lib/thumb/v6-m\libc_nano.a(lib_a-nano-mallocr.o)
 .debug_frame   0x0000000000003cd0       0x2c c:/st/stm32cubeide_1.0.0/stm32cubeide/plugins/com.st.stm32cube.ide.mcu.externaltools.gnu-tools-for-stm32.7-2018-q2-update.win32_1.0.0.201904181610/tools/bin/../lib/gcc/arm-none-eabi/7.3.1/../../../../arm-none-eabi/lib/thumb/v6-m\libc_nano.a(lib_a-sbrkr.o)
 .debug_frame   0x0000000000003cfc       0x30 c:/st/stm32cubeide_1.0.0/stm32cubeide/plugins/com.st.stm32cube.ide.mcu.externaltools.gnu-tools-for-stm32.7-2018-q2-update.win32_1.0.0.201904181610/tools/bin/../lib/gcc/arm-none-eabi/7.3.1/../../../../arm-none-eabi/lib/thumb/v6-m\libc_nano.a(lib_a-mlock.o)
 .debug_frame   0x0000000000003d2c       0x48 c:/st/stm32cubeide_1.0.0/stm32cubeide/plugins/com.st.stm32cube.ide.mcu.externaltools.gnu-tools-for-stm32.7-2018-q2-update.win32_1.0.0.201904181610/tools/bin/../lib/gcc/arm-none-eabi/7.3.1/../../../../arm-none-eabi/lib/thumb/v6-m\libc_nano.a(lib_a-reent.o)
 .debug_frame   0x0000000000003d74       0x20 c:/st/stm32cubeide_1.0.0/stm32cubeide/plugins/com.st.stm32cube.ide.mcu.externaltools.gnu-tools-for-stm32.7-2018-q2-update.win32_1.0.0.201904181610/tools/bin/../lib/gcc/arm-none-eabi/7.3.1/thumb/v6-m\libgcc.a(_udivsi3.o)
