<html>
<body>
<pre>
<h1>µVision Build Log</h1>
<h2>Project:</h2>
C:\Users\Administrator\Desktop\Open103V\Open103V\Open103V\8BitIO-Pushbutton\MDK_Project\Project.uvproj
Project File Date:  11/10/2011

<h2>Output:</h2>
Build target 'Target 1'
assembling startup_stm32f10x_hd.s...
compiling system_stm32f10x.c...
compiling stm32f10x_gpio.c...
compiling stm32f10x_rcc.c...
compiling main.c...
compiling stm32f10x_it.c...
linking...
Program Size: Code=944 RO-data=320 RW-data=0 ZI-data=1632  
FromELF: creating hex file...
".\Out\Project.axf" - 0 Error(s), 0 Warning(s).
Rebuild target 'Target 1'
assembling startup_stm32f10x_hd.s...
compiling system_stm32f10x.c...
compiling stm32f10x_gpio.c...
compiling stm32f10x_rcc.c...
compiling main.c...
compiling stm32f10x_it.c...
linking...
Program Size: Code=944 RO-data=320 RW-data=0 ZI-data=1632  
FromELF: creating hex file...
".\Out\Project.axf" - 0 Error(s), 0 Warning(s).
