core_cm0.h:856:34:__NVIC_SystemReset	8	static,ignoring_inline_asm
main.c:136:13:BUTTON_Callback	24	static
main.c:156:6:usart_rx_check	16	static
main.c:191:6:usart_process_data	24	static
main.c:199:6:request_data_check	8	static
main.c:229:5:main	16	static
main.c:336:6:SystemClock_Config	96	static
main.c:375:13:MX_NVIC_Init	8	static
main.c:392:13:MX_I2C1_Init	8	static
main.c:434:13:MX_TIM1_Init	40	static
main.c:477:13:MX_USART1_UART_Init	8	static
main.c:508:13:MX_DMA_Init	16	static
main.c:520:13:MX_GPIO_Init	48	static
main.c:593:6:SWTIM1_Callback	32	static
main.c:611:6:UART_TX_DATA	40	static
main.c:642:6:send_app_ver	16	static
main.c:652:6:HAL_UART_TxCpltCallback	16	static
main.c:658:6:HAL_UART_RxCpltCallback	16	static
main.c:663:6:HAL_UART_ErrorCallback	16	static
main.c:672:6:HAL_GPIO_EXTI_Callback	16	static
main.c:678:6:HAL_printf_valist	128	static
main.c:697:6:HAL_printf	16	static
main.c:710:13:logPrint	24	static
main.c:719:6:logI	8	static
main.c:736:6:logE	8	static
main.c:755:6:Error_Handler	16	static
